Archive member included to satisfy reference by file (symbol)

/usr/lib/gcc/arm-none-eabi/14.2.0/thumb/v6-m/nofp/libgcc.a(_dvmd_tls.o)
                              CMakeFiles/sd_card_reader.dir/home/Sles/pr/pico/pico-sdk/src/rp2_common/pico_divider/divider_hardware.S.o (__aeabi_idiv0)
/usr/lib/gcc/arm-none-eabi/14.2.0/../../../../arm-none-eabi/lib/thumb/v6-m/nofp/libg.a(libc_a-atexit.o)
                              /usr/lib/gcc/arm-none-eabi/14.2.0/../../../../arm-none-eabi/lib/thumb/v6-m/nofp/crt0.o (atexit)
/usr/lib/gcc/arm-none-eabi/14.2.0/../../../../arm-none-eabi/lib/thumb/v6-m/nofp/libg.a(libc_a-calloc.o)
                              CMakeFiles/sd_card_reader.dir/home/Sles/pr/pico/pico-sdk/src/rp2_common/pico_malloc/malloc.c.o (calloc)
/usr/lib/gcc/arm-none-eabi/14.2.0/../../../../arm-none-eabi/lib/thumb/v6-m/nofp/libg.a(libc_a-callocr.o)
                              /usr/lib/gcc/arm-none-eabi/14.2.0/../../../../arm-none-eabi/lib/thumb/v6-m/nofp/libg.a(libc_a-calloc.o) (_calloc_r)
/usr/lib/gcc/arm-none-eabi/14.2.0/../../../../arm-none-eabi/lib/thumb/v6-m/nofp/libg.a(libc_a-malloc.o)
                              CMakeFiles/sd_card_reader.dir/home/Sles/pr/pico/pico-sdk/src/rp2_common/pico_malloc/malloc.c.o (malloc)
/usr/lib/gcc/arm-none-eabi/14.2.0/../../../../arm-none-eabi/lib/thumb/v6-m/nofp/libg.a(libc_a-mallocr.o)
                              /usr/lib/gcc/arm-none-eabi/14.2.0/../../../../arm-none-eabi/lib/thumb/v6-m/nofp/libg.a(libc_a-callocr.o) (_malloc_r)
/usr/lib/gcc/arm-none-eabi/14.2.0/../../../../arm-none-eabi/lib/thumb/v6-m/nofp/libg.a(libc_a-mlock.o)
                              /usr/lib/gcc/arm-none-eabi/14.2.0/../../../../arm-none-eabi/lib/thumb/v6-m/nofp/libg.a(libc_a-mallocr.o) (__malloc_lock)
/usr/lib/gcc/arm-none-eabi/14.2.0/../../../../arm-none-eabi/lib/thumb/v6-m/nofp/libg.a(libc_a-realloc.o)
                              CMakeFiles/sd_card_reader.dir/home/Sles/pr/pico/pico-sdk/src/rp2_common/pico_malloc/malloc.c.o (realloc)
/usr/lib/gcc/arm-none-eabi/14.2.0/../../../../arm-none-eabi/lib/thumb/v6-m/nofp/libg.a(libc_a-reallocr.o)
                              /usr/lib/gcc/arm-none-eabi/14.2.0/../../../../arm-none-eabi/lib/thumb/v6-m/nofp/libg.a(libc_a-realloc.o) (_realloc_r)
/usr/lib/gcc/arm-none-eabi/14.2.0/../../../../arm-none-eabi/lib/thumb/v6-m/nofp/libg.a(libc_a-fflush.o)
                              CMakeFiles/sd_card_reader.dir/lib/no-OS-FatFS-SD-SPI-RPi-Pico/FatFs_SPI/sd_driver/demo_logging.c.o (fflush)
/usr/lib/gcc/arm-none-eabi/14.2.0/../../../../arm-none-eabi/lib/thumb/v6-m/nofp/libg.a(libc_a-findfp.o)
                              /usr/lib/gcc/arm-none-eabi/14.2.0/../../../../arm-none-eabi/lib/thumb/v6-m/nofp/libg.a(libc_a-fflush.o) (__sglue)
/usr/lib/gcc/arm-none-eabi/14.2.0/../../../../arm-none-eabi/lib/thumb/v6-m/nofp/libg.a(libc_a-fwalk.o)
                              /usr/lib/gcc/arm-none-eabi/14.2.0/../../../../arm-none-eabi/lib/thumb/v6-m/nofp/libg.a(libc_a-fflush.o) (_fwalk_sglue)
/usr/lib/gcc/arm-none-eabi/14.2.0/../../../../arm-none-eabi/lib/thumb/v6-m/nofp/libg.a(libc_a-stdio.o)
                              /usr/lib/gcc/arm-none-eabi/14.2.0/../../../../arm-none-eabi/lib/thumb/v6-m/nofp/libg.a(libc_a-findfp.o) (__sread)
/usr/lib/gcc/arm-none-eabi/14.2.0/../../../../arm-none-eabi/lib/thumb/v6-m/nofp/libg.a(libc_a-memcmp.o)
                              CMakeFiles/sd_card_reader.dir/home/Sles/pr/pico/pico-sdk/src/rp2_common/pico_atomic/atomic.c.o (memcmp)
/usr/lib/gcc/arm-none-eabi/14.2.0/../../../../arm-none-eabi/lib/thumb/v6-m/nofp/libg.a(libc_a-memmove.o)
                              /usr/lib/gcc/arm-none-eabi/14.2.0/../../../../arm-none-eabi/lib/thumb/v6-m/nofp/libg.a(libc_a-reallocr.o) (memmove)
/usr/lib/gcc/arm-none-eabi/14.2.0/../../../../arm-none-eabi/lib/thumb/v6-m/nofp/libg.a(libc_a-strchr.o)
                              CMakeFiles/sd_card_reader.dir/lib/no-OS-FatFS-SD-SPI-RPi-Pico/FatFs_SPI/ff15/source/ff.c.o (strchr)
/usr/lib/gcc/arm-none-eabi/14.2.0/../../../../arm-none-eabi/lib/thumb/v6-m/nofp/libg.a(libc_a-strncpy.o)
                              CMakeFiles/sd_card_reader.dir/lib/no-OS-FatFS-SD-SPI-RPi-Pico/FatFs_SPI/src/ff_stdio.c.o (strncpy)
/usr/lib/gcc/arm-none-eabi/14.2.0/../../../../arm-none-eabi/lib/thumb/v6-m/nofp/libg.a(libc_a-lcltime_r.o)
                              CMakeFiles/sd_card_reader.dir/home/Sles/pr/pico/pico-sdk/src/common/pico_util/datetime.c.o (localtime_r)
/usr/lib/gcc/arm-none-eabi/14.2.0/../../../../arm-none-eabi/lib/thumb/v6-m/nofp/libg.a(libc_a-mktime.o)
                              CMakeFiles/sd_card_reader.dir/home/Sles/pr/pico/pico-sdk/src/common/pico_util/datetime.c.o (mktime)
/usr/lib/gcc/arm-none-eabi/14.2.0/../../../../arm-none-eabi/lib/thumb/v6-m/nofp/libg.a(libc_a-month_lengths.o)
                              /usr/lib/gcc/arm-none-eabi/14.2.0/../../../../arm-none-eabi/lib/thumb/v6-m/nofp/libg.a(libc_a-lcltime_r.o) (__month_lengths)
[...]
Memory Configuration

Name             Origin             Length             Attributes
FLASH            0x10000000         0x00200000         xr
RAM              0x20000000         0x00040000         xrw
SCRATCH_X        0x20040000         0x00001000         xrw
SCRATCH_Y        0x20041000         0x00001000         xrw
*default*        0x00000000         0xffffffff

Linker script and memory map

LOAD /usr/lib/gcc/arm-none-eabi/14.2.0/thumb/v6-m/nofp/crti.o
LOAD /usr/lib/gcc/arm-none-eabi/14.2.0/thumb/v6-m/nofp/crtbegin.o
LOAD /usr/lib/gcc/arm-none-eabi/14.2.0/../../../../arm-none-eabi/lib/thumb/v6-m/nofp/crt0.o

.flash_begin    0x10000000        0x0
                0x10000000                        __flash_binary_start = .

.boot2          0x10000000      0x100
                0x10000000                        __boot2_start__ = .
 *(.boot2)
 .boot2         0x10000000      0x100 pico-sdk/src/rp2040/boot_stage2/CMakeFiles/bs2_default_library.dir/bs2_default_padded_checksummed.S.o
                0x10000100                        __boot2_end__ = .
                0x00000001                        ASSERT (((__boot2_end__ - __boot2_start__) == 0x100), ERROR: Pico second stage bootloader must be 256 bytes in size)

.text           0x10000100     0xf888
                0x10000100                        __logical_binary_start = .
 *(.vectors)
 .vectors       0x10000100       0xd4 CMakeFiles/sd_card_reader.dir/home/Sles/pr/pico/pico-sdk/src/rp2_common/pico_crt0/crt0.S.o
                0x10000100                __vectors
                0x10000100                __VECTOR_TABLE
                0x100001c0                isr_invalid
                0x100001c0                __default_isrs_start
                0x100001c2                isr_nmi
                0x100001c4                isr_hardfault
                0x100001c6                isr_svcall
                0x100001c8                isr_pendsv
                0x100001ca                isr_systick
                0x100001cc                isr_irq30
                0x100001cc                __unhandled_user_irq
                0x100001cc                isr_irq13
                0x100001cc                isr_irq27
                0x100001cc                isr_irq31
                0x100001cc                isr_irq5
                0x100001cc                isr_irq11
                0x100001cc                isr_irq23
                0x100001cc                isr_irq18
                0x100001cc                isr_irq28
                0x100001cc                isr_irq19
                0x100001cc                isr_irq0
                0x100001cc                isr_irq6
                0x100001cc                isr_irq22
                0x100001cc                isr_irq17
                0x100001cc                isr_irq14
                0x100001cc                isr_irq2
                0x100001cc                isr_irq10
                0x100001cc                isr_irq8
                0x100001cc                isr_irq24
                0x100001cc                isr_irq1
                0x100001cc                isr_irq7
                0x100001cc                isr_irq21
                0x100001cc                isr_irq20
                0x100001cc                isr_irq15
                0x100001cc                isr_irq25
                0x100001cc                isr_irq4
                0x100001cc                isr_irq16
                0x100001cc                isr_irq29
                0x100001cc                isr_irq26
                0x100001cc                __default_isrs_end
                0x100001cc                isr_irq3
                0x100001cc                isr_irq12
                0x100001cc                isr_irq9
                0x100001d2                unhandled_user_irq_num_in_r0
 *(.binary_info_header)
 .binary_info_header
                0x100001d4       0x14 CMakeFiles/sd_card_reader.dir/home/Sles/pr/pico/pico-sdk/src/rp2_common/pico_crt0/crt0.S.o
                0x100001e8                        __binary_info_header_end = .
 *(.embedded_block)
                0x100001e8                        __embedded_block_end = .
 *(.reset)
 .reset         0x100001e8       0x9c CMakeFiles/sd_card_reader.dir/home/Sles/pr/pico/pico-sdk/src/rp2_common/pico_crt0/crt0.S.o
                0x100001e8                _entry_point
 *(.init)
 .init          0x10000284        0x4 /usr/lib/gcc/arm-none-eabi/14.2.0/thumb/v6-m/nofp/crti.o
                0x10000284                _init
 *(EXCLUDE_FILE(*libm.a: *libc.a:*lib_a-mem*.o *libgcc.a:) .text*)
 .text.frame_dummy
                0x10000288       0x20 /usr/lib/gcc/arm-none-eabi/14.2.0/thumb/v6-m/nofp/crtbegin.o
 .text.startup.main
                0x100002a8      0x164 CMakeFiles/sd_card_reader.dir/main.cpp.o
                0x100002a8                main
 .text.sd_get_num
                0x1000040c        0x4 CMakeFiles/sd_card_reader.dir/hw_config.c.o
                0x1000040c                sd_get_num
 .text.sd_get_by_num
                0x10000410       0x18 CMakeFiles/sd_card_reader.dir/hw_config.c.o
                0x10000410                sd_get_by_num
 .text.spi_get_num
                0x10000428        0x4 CMakeFiles/sd_card_reader.dir/hw_config.c.o
                0x10000428                spi_get_num
 .text.spi_get_by_num
                0x1000042c       0x18 CMakeFiles/sd_card_reader.dir/hw_config.c.o
                0x1000042c                spi_get_by_num
 .text.gpio_set_function
                0x10000444       0x34 CMakeFiles/sd_card_reader.dir/home/Sles/pr/pico/pico-sdk/src/rp2_common/hardware_gpio/gpio.c.o
                0x10000444                gpio_set_function
 .text.gpio_set_pulls
                0x10000478       0x28 CMakeFiles/sd_card_reader.dir/home/Sles/pr/pico/pico-sdk/src/rp2_common/hardware_gpio/gpio.c.o
                0x10000478                gpio_set_pulls
 .text.gpio_set_drive_strength
                0x100004a0       0x24 CMakeFiles/sd_card_reader.dir/home/Sles/pr/pico/pico-sdk/src/rp2_common/hardware_gpio/gpio.c.o
                0x100004a0                gpio_set_drive_strength
 .text.gpio_init
                0x100004c4       0x40 CMakeFiles/sd_card_reader.dir/home/Sles/pr/pico/pico-sdk/src/rp2_common/hardware_gpio/gpio.c.o
                0x100004c4                gpio_init
 .text.rp2040_chip_version
                0x10000504        0xc CMakeFiles/sd_card_reader.dir/home/Sles/pr/pico/pico-sdk/src/rp2040/pico_platform/platform.c.o
                0x10000504                rp2040_chip_version
 .text.panic    0x10000510       0x30 CMakeFiles/sd_card_reader.dir/home/Sles/pr/pico/pico-sdk/src/rp2_common/pico_platform_panic/panic.c.o
                0x10000510                panic
 .text.hw_claim_or_assert
                0x10000540       0x44 CMakeFiles/sd_card_reader.dir/home/Sles/pr/pico/pico-sdk/src/common/hardware_claim/claim.c.o
                0x10000540                hw_claim_or_assert
 .text.hw_claim_unused_from_range
                0x10000584       0x88 CMakeFiles/sd_card_reader.dir/home/Sles/pr/pico/pico-sdk/src/common/hardware_claim/claim.c.o
                0x10000584                hw_claim_unused_from_range
 .text.next_striped_spin_lock_num
                0x1000060c       0x18 CMakeFiles/sd_card_reader.dir/home/Sles/pr/pico/pico-sdk/src/rp2_common/hardware_sync/sync.c.o
                0x1000060c                next_striped_spin_lock_num
 .text.spin_lock_claim_unused
                0x10000624       0x24 CMakeFiles/sd_card_reader.dir/home/Sles/pr/pico/pico-sdk/src/rp2_common/hardware_sync/sync.c.o
                0x10000624                spin_lock_claim_unused
 .text.spin_locks_reset
                0x10000648       0x1c CMakeFiles/sd_card_reader.dir/home/Sles/pr/pico/pico-sdk/src/rp2_common/hardware_sync_spin_lock/sync_spin_lock.c.o
                0x10000648                spin_locks_reset
 .text.runtime_init_per_core_irq_priorities
                0x10000664       0x24 CMakeFiles/sd_card_reader.dir/home/Sles/pr/pico/pico-sdk/src/rp2_common/hardware_irq/irq.c.o
                0x10000664                runtime_init_per_core_irq_priorities
 .text.irq_set_enabled
                0x10000688       0x24 CMakeFiles/sd_card_reader.dir/home/Sles/pr/pico/pico-sdk/src/rp2_common/hardware_irq/irq.c.o
                0x10000688                irq_set_enabled
 .text.irq_is_enabled
                0x100006ac       0x18 CMakeFiles/sd_card_reader.dir/home/Sles/pr/pico/pico-sdk/src/rp2_common/hardware_irq/irq.c.o
                0x100006ac                irq_is_enabled
 .text.irq_set_pending
                0x100006c4       0x10 CMakeFiles/sd_card_reader.dir/home/Sles/pr/pico/pico-sdk/src/rp2_common/hardware_irq/irq.c.o
                0x100006c4                irq_set_pending
 .text.irq_has_shared_handler
                0x100006d4       0x24 CMakeFiles/sd_card_reader.dir/home/Sles/pr/pico/pico-sdk/src/rp2_common/hardware_irq/irq.c.o
                0x100006d4                irq_has_shared_handler
 .text.irq_set_exclusive_handler
                0x100006f8       0x54 CMakeFiles/sd_card_reader.dir/home/Sles/pr/pico/pico-sdk/src/rp2_common/hardware_irq/irq.c.o
                0x100006f8                irq_set_exclusive_handler
 .text.irq_add_shared_handler
                0x1000074c      0x1f4 CMakeFiles/sd_card_reader.dir/home/Sles/pr/pico/pico-sdk/src/rp2_common/hardware_irq/irq.c.o
                0x1000074c                irq_add_shared_handler
 .text.irq_add_tail_to_free_list
                0x10000940       0xb4 CMakeFiles/sd_card_reader.dir/home/Sles/pr/pico/pico-sdk/src/rp2_common/hardware_irq/irq.c.o
                0x10000940                irq_add_tail_to_free_list
 .text.user_irq_claim_unused
                0x100009f4       0x2c CMakeFiles/sd_card_reader.dir/home/Sles/pr/pico/pico-sdk/src/rp2_common/hardware_irq/irq.c.o
                0x100009f4                user_irq_claim_unused
 .text.sem_init
                0x10000a20       0x20 CMakeFiles/sd_card_reader.dir/home/Sles/pr/pico/pico-sdk/src/common/pico_sync/sem.c.o
                0x10000a20                sem_init
 .text.lock_init
                0x10000a40       0x10 CMakeFiles/sd_card_reader.dir/home/Sles/pr/pico/pico-sdk/src/common/pico_sync/lock_core.c.o
                0x10000a40                lock_init
 .text.runtime_init_mutex
                0x10000a50       0x50 CMakeFiles/sd_card_reader.dir/home/Sles/pr/pico/pico-sdk/src/common/pico_sync/mutex.c.o
                0x10000a50                runtime_init_mutex
 .text.mutex_init
                0x10000aa0       0x1c CMakeFiles/sd_card_reader.dir/home/Sles/pr/pico/pico-sdk/src/common/pico_sync/mutex.c.o
                0x10000aa0                mutex_init
 .text.critical_section_init
                0x10000abc       0x1c CMakeFiles/sd_card_reader.dir/home/Sles/pr/pico/pico-sdk/src/common/pico_sync/critical_section.c.o
                0x10000abc                critical_section_init
 .text.critical_section_init_with_lock_num
                0x10000ad8       0x14 CMakeFiles/sd_card_reader.dir/home/Sles/pr/pico/pico-sdk/src/common/pico_sync/critical_section.c.o
                0x10000ad8                critical_section_init_with_lock_num
 .text.sleep_until_callback
                0x10000aec       0x30 CMakeFiles/sd_card_reader.dir/home/Sles/pr/pico/pico-sdk/src/common/pico_time/time.c.o
 .text.alarm_pool_irq_handler
                0x10000b1c      0x300 CMakeFiles/sd_card_reader.dir/home/Sles/pr/pico/pico-sdk/src/common/pico_time/time.c.o
 .text.runtime_init_default_alarm_pool
                0x10000e1c       0xdc CMakeFiles/sd_card_reader.dir/home/Sles/pr/pico/pico-sdk/src/common/pico_time/time.c.o
                0x10000e1c                runtime_init_default_alarm_pool
 .text.alarm_pool_get_default
                0x10000ef8        0x8 CMakeFiles/sd_card_reader.dir/home/Sles/pr/pico/pico-sdk/src/common/pico_time/time.c.o
                0x10000ef8                alarm_pool_get_default
 .text.alarm_pool_add_alarm_at
                0x10000f00       0xd0 CMakeFiles/sd_card_reader.dir/home/Sles/pr/pico/pico-sdk/src/common/pico_time/time.c.o
                0x10000f00                alarm_pool_add_alarm_at
 .text.alarm_pool_add_alarm_at_force_in_context
                0x10000fd0       0xb0 CMakeFiles/sd_card_reader.dir/home/Sles/pr/pico/pico-sdk/src/common/pico_time/time.c.o
                0x10000fd0                alarm_pool_add_alarm_at_force_in_context
 .text.alarm_pool_cancel_alarm
                0x10001080       0x74 CMakeFiles/sd_card_reader.dir/home/Sles/pr/pico/pico-sdk/src/common/pico_time/time.c.o
                0x10001080                alarm_pool_cancel_alarm
 .text.alarm_pool_core_num
                0x100010f4        0x4 CMakeFiles/sd_card_reader.dir/home/Sles/pr/pico/pico-sdk/src/common/pico_time/time.c.o
                0x100010f4                alarm_pool_core_num
 .text.sleep_ms
                0x100010f8       0xfc CMakeFiles/sd_card_reader.dir/home/Sles/pr/pico/pico-sdk/src/common/pico_time/time.c.o
                0x100010f8                sleep_ms
 .text.best_effort_wfe_or_timeout
                0x100011f4      0x10c CMakeFiles/sd_card_reader.dir/home/Sles/pr/pico/pico-sdk/src/common/pico_time/time.c.o
                0x100011f4                best_effort_wfe_or_timeout
 .text.timer_hardware_alarm_claim
                0x10001300       0x14 CMakeFiles/sd_card_reader.dir/home/Sles/pr/pico/pico-sdk/src/rp2_common/hardware_timer/timer.c.o
                0x10001300                timer_hardware_alarm_claim
 .text.timer_time_us_64
                0x10001314       0x10 CMakeFiles/sd_card_reader.dir/home/Sles/pr/pico/pico-sdk/src/rp2_common/hardware_timer/timer.c.o
                0x10001314                timer_time_us_64
 .text.time_us_64
                0x10001324       0x14 CMakeFiles/sd_card_reader.dir/home/Sles/pr/pico/pico-sdk/src/rp2_common/hardware_timer/timer.c.o
                0x10001324                time_us_64
 .text.busy_wait_us
                0x10001338       0x68 CMakeFiles/sd_card_reader.dir/home/Sles/pr/pico/pico-sdk/src/rp2_common/hardware_timer/timer.c.o
                0x10001338                busy_wait_us
 .text.busy_wait_until
                0x100013a0       0x20 CMakeFiles/sd_card_reader.dir/home/Sles/pr/pico/pico-sdk/src/rp2_common/hardware_timer/timer.c.o
                0x100013a0                busy_wait_until
 .text.clock_configure_int_divider
                0x100013c0       0xf4 CMakeFiles/sd_card_reader.dir/home/Sles/pr/pico/pico-sdk/src/rp2_common/hardware_clocks/clocks.c.o
                0x100013c0                clock_configure_int_divider
 .text.clock_configure_undivided
                0x100014b4       0xe8 CMakeFiles/sd_card_reader.dir/home/Sles/pr/pico/pico-sdk/src/rp2_common/hardware_clocks/clocks.c.o
                0x100014b4                clock_configure_undivided
 .text.clock_get_hz
                0x1000159c        0xc CMakeFiles/sd_card_reader.dir/home/Sles/pr/pico/pico-sdk/src/rp2_common/hardware_clocks/clocks.c.o
                0x1000159c                clock_get_hz
 .text.pll_init
                0x100015a8       0xa4 CMakeFiles/sd_card_reader.dir/home/Sles/pr/pico/pico-sdk/src/rp2_common/hardware_pll/pll.c.o
                0x100015a8                pll_init
 .text.watchdog_reboot
                0x1000164c       0x9c CMakeFiles/sd_card_reader.dir/home/Sles/pr/pico/pico-sdk/src/rp2_common/hardware_watchdog/watchdog.c.o
                0x1000164c                watchdog_reboot
 .text.tick_start
                0x100016e8       0x10 CMakeFiles/sd_card_reader.dir/home/Sles/pr/pico/pico-sdk/src/rp2_common/hardware_ticks/ticks.c.o
                0x100016e8                tick_start
 .text.rom_func_lookup
                0x100016f8       0x10 CMakeFiles/sd_card_reader.dir/home/Sles/pr/pico/pico-sdk/src/rp2_common/pico_bootrom/bootrom.c.o
                0x100016f8                rom_func_lookup
 .text.rom_data_lookup
                0x10001708       0x10 CMakeFiles/sd_card_reader.dir/home/Sles/pr/pico/pico-sdk/src/rp2_common/pico_bootrom/bootrom.c.o
                0x10001708                rom_data_lookup
 .text.rom_funcs_lookup
                0x10001718       0x44 CMakeFiles/sd_card_reader.dir/home/Sles/pr/pico/pico-sdk/src/rp2_common/pico_bootrom/bootrom.c.o
                0x10001718                rom_funcs_lookup
 .text.rom_reset_usb_boot_extra
                0x1000175c       0x24 CMakeFiles/sd_card_reader.dir/home/Sles/pr/pico/pico-sdk/src/rp2_common/pico_bootrom/bootrom.c.o
                0x1000175c                rom_reset_usb_boot_extra
 .text.xosc_init
                0x10001780       0x28 CMakeFiles/sd_card_reader.dir/home/Sles/pr/pico/pico-sdk/src/rp2_common/hardware_xosc/xosc.c.o
                0x10001780                xosc_init
 .text.first_per_core_initializer
                0x100017a8        0x4 CMakeFiles/sd_card_reader.dir/home/Sles/pr/pico/pico-sdk/src/rp2_common/pico_runtime/runtime.c.o
 .text.hard_assertion_failure
                0x100017ac        0xc CMakeFiles/sd_card_reader.dir/home/Sles/pr/pico/pico-sdk/src/rp2_common/pico_runtime/runtime.c.o
                0x100017ac                hard_assertion_failure
 .text.runtime_run_initializers
                0x100017b8       0x28 CMakeFiles/sd_card_reader.dir/home/Sles/pr/pico/pico-sdk/src/rp2_common/pico_runtime/runtime.c.o
                0x100017b8                runtime_run_initializers
 .text.runtime_init_early_resets
                0x100017e0       0x2c CMakeFiles/sd_card_reader.dir/home/Sles/pr/pico/pico-sdk/src/rp2_common/pico_runtime_init/runtime_init.c.o
                0x100017e0                runtime_init_early_resets
 .text.runtime_init_usb_power_down
                0x1000180c       0x1c CMakeFiles/sd_card_reader.dir/home/Sles/pr/pico/pico-sdk/src/rp2_common/pico_runtime_init/runtime_init.c.o
                0x1000180c                runtime_init_usb_power_down
 .text.runtime_init_post_clock_resets
                0x10001828       0x20 CMakeFiles/sd_card_reader.dir/home/Sles/pr/pico/pico-sdk/src/rp2_common/pico_runtime_init/runtime_init.c.o
                0x10001828                runtime_init_post_clock_resets
 .text.runtime_init_rp2040_gpio_ie_disable
                0x10001848       0x14 CMakeFiles/sd_card_reader.dir/home/Sles/pr/pico/pico-sdk/src/rp2_common/pico_runtime_init/runtime_init.c.o
                0x10001848                runtime_init_rp2040_gpio_ie_disable
 .text.runtime_init_spin_locks_reset
                0x1000185c        0x8 CMakeFiles/sd_card_reader.dir/home/Sles/pr/pico/pico-sdk/src/rp2_common/pico_runtime_init/runtime_init.c.o
                0x1000185c                runtime_init_spin_locks_reset
 .text.runtime_init_install_ram_vector_table
                0x10001864       0x1c CMakeFiles/sd_card_reader.dir/home/Sles/pr/pico/pico-sdk/src/rp2_common/pico_runtime_init/runtime_init.c.o
                0x10001864                runtime_init_install_ram_vector_table
 .text.runtime_init_clocks
                0x10001880       0xd8 CMakeFiles/sd_card_reader.dir/home/Sles/pr/pico/pico-sdk/src/rp2_common/pico_runtime_init/runtime_init_clocks.c.o
                0x10001880                runtime_init_clocks
 .text          0x10001958       0x10 CMakeFiles/sd_card_reader.dir/home/Sles/pr/pico/pico-sdk/src/rp2_common/pico_bit_ops/bit_ops_aeabi.S.o
 .text.__wrap___aeabi_idiv
                0x10001968       0x50 CMakeFiles/sd_card_reader.dir/home/Sles/pr/pico/pico-sdk/src/rp2_common/pico_divider/divider_hardware.S.o
                0x10001968                __wrap___aeabi_idivmod
                0x10001968                divmod_s32s32
                0x10001968                div_s32s32
                0x10001968                __wrap___aeabi_idiv
                0x10001970                divmod_s32s32_unsafe
                0x1000199c                divmod_s32s32_savestate
 .text.__wrap___aeabi_uidiv
                0x100019b8       0x4c CMakeFiles/sd_card_reader.dir/home/Sles/pr/pico/pico-sdk/src/rp2_common/pico_divider/divider_hardware.S.o
                0x100019b8                __wrap___aeabi_uidiv
                0x100019b8                __wrap___aeabi_uidivmod
                0x100019b8                div_u32u32
                0x100019b8                divmod_u32u32
                0x100019c0                divmod_u32u32_unsafe
                0x100019e8                divmod_u32u32_savestate
 .text.__wrap___aeabi_ldiv
                0x10001a04      0x424 CMakeFiles/sd_card_reader.dir/home/Sles/pr/pico/pico-sdk/src/rp2_common/pico_divider/divider_hardware.S.o
                0x10001a04                div_s64s64
                0x10001a04                divmod_s64s64
                0x10001a04                __wrap___aeabi_ldivmod
                0x10001a34                div_u64u64
                0x10001a34                divmod_u64u64
                0x10001a34                __wrap___aeabi_uldivmod
                0x10001a44                divmod_u64u64_savestate
                0x10001a64                divmod_s64s64_unsafe
                0x10001aec                divmod_u64u64_unsafe
 .text.__wrap___aeabi_darithmetic
                0x10001e28       0x80 CMakeFiles/sd_card_reader.dir/home/Sles/pr/pico/pico-sdk/src/rp2_common/pico_double/double_aeabi_rp2040.S.o
                0x10001e28                __wrap___aeabi_drsub
                0x10001e2e                __wrap___aeabi_dsub
                0x10001e40                __wrap___aeabi_dadd
                0x10001e52                __wrap___aeabi_ddiv
                0x10001e8e                __wrap___aeabi_dmul
 .text.__wrap___aeabi_cdcmple
                0x10001ea8       0x6c CMakeFiles/sd_card_reader.dir/home/Sles/pr/pico/pico-sdk/src/rp2_common/pico_double/double_aeabi_rp2040.S.o
                0x10001ea8                __wrap___aeabi_cdrcmple
                0x10001eb8                __wrap___aeabi_cdcmple
                0x10001eb8                __wrap___aeabi_cdcmpeq
 .text.__wrap___aeabi_dcmpeq
                0x10001f14       0x10 CMakeFiles/sd_card_reader.dir/home/Sles/pr/pico/pico-sdk/src/rp2_common/pico_double/double_aeabi_rp2040.S.o
                0x10001f14                __wrap___aeabi_dcmpeq
 .text.__wrap___aeabi_dcmplt
                0x10001f24        0xc CMakeFiles/sd_card_reader.dir/home/Sles/pr/pico/pico-sdk/src/rp2_common/pico_double/double_aeabi_rp2040.S.o
                0x10001f24                __wrap___aeabi_dcmplt
 .text.__wrap___aeabi_dcmple
                0x10001f30       0x10 CMakeFiles/sd_card_reader.dir/home/Sles/pr/pico/pico-sdk/src/rp2_common/pico_double/double_aeabi_rp2040.S.o
                0x10001f30                __wrap___aeabi_dcmple
 .text.__wrap___aeabi_dcmpge
                0x10001f40       0x10 CMakeFiles/sd_card_reader.dir/home/Sles/pr/pico/pico-sdk/src/rp2_common/pico_double/double_aeabi_rp2040.S.o
                0x10001f40                __wrap___aeabi_dcmpge
 .text.__wrap___aeabi_dcmpgt
                0x10001f50        0xa CMakeFiles/sd_card_reader.dir/home/Sles/pr/pico/pico-sdk/src/rp2_common/pico_double/double_aeabi_rp2040.S.o
                0x10001f50                __wrap___aeabi_dcmpgt
 .text.__wrap___aeabi_dcmpun
                0x10001f5a       0x18 CMakeFiles/sd_card_reader.dir/home/Sles/pr/pico/pico-sdk/src/rp2_common/pico_double/double_aeabi_rp2040.S.o
                0x10001f5a                __wrap___aeabi_dcmpun
 *fill*         0x10001f72        0x2 
 .text.__wrap___aeabi_i2d
                0x10001f74       0x38 CMakeFiles/sd_card_reader.dir/home/Sles/pr/pico/pico-sdk/src/rp2_common/pico_double/double_aeabi_rp2040.S.o
                0x10001f74                __wrap___aeabi_ui2d
                0x10001f74                uint2double
                0x10001f7c                __wrap___aeabi_i2d
                0x10001f7c                int2double
 .text.__wrap___aeabi_d2iz
                0x10001fac       0x48 CMakeFiles/sd_card_reader.dir/home/Sles/pr/pico/pico-sdk/src/rp2_common/pico_double/double_aeabi_rp2040.S.o
                0x10001fac                __wrap___aeabi_d2iz
                0x10001fac                double2int_z
 .text.__wrap___aeabi_d2uiz
                0x10001ff4       0x18 CMakeFiles/sd_card_reader.dir/home/Sles/pr/pico/pico-sdk/src/rp2_common/pico_double/double_aeabi_rp2040.S.o
                0x10001ff4                double2uint_z
                0x10001ff4                double2uint
                0x10001ff4                __wrap___aeabi_d2uiz
 .text.__aeabi_double_init
                0x1000200c       0xa4 CMakeFiles/sd_card_reader.dir/home/Sles/pr/pico/pico-sdk/src/rp2_common/pico_double/double_init_rom_rp2040.c.o
                0x1000200c                __aeabi_double_init
 .text.double_table_shim_on_use_helper
                0x100020b0       0x2c CMakeFiles/sd_card_reader.dir/home/Sles/pr/pico/pico-sdk/src/rp2_common/pico_double/double_v1_rom_shim_rp2040.S.o
                0x100020b0                double_table_shim_on_use_helper
 .text.__wrap___aeabi_dsub
                0x100020dc       0x10 CMakeFiles/sd_card_reader.dir/home/Sles/pr/pico/pico-sdk/src/rp2_common/pico_double/double_v1_rom_shim_rp2040.S.o
                0x100020dc                drsub_shim
                0x100020e2                dsub_shim
 .text.dadd_shim
                0x100020ec      0x15c CMakeFiles/sd_card_reader.dir/home/Sles/pr/pico/pico-sdk/src/rp2_common/pico_double/double_v1_rom_shim_rp2040.S.o
                0x100020ec                dadd_shim
 .text.dmul_shim
                0x10002248      0x15c CMakeFiles/sd_card_reader.dir/home/Sles/pr/pico/pico-sdk/src/rp2_common/pico_double/double_v1_rom_shim_rp2040.S.o
                0x10002248                dmul_shim
 .text.ddiv_shim
                0x100023a4      0x1b0 CMakeFiles/sd_card_reader.dir/home/Sles/pr/pico/pico-sdk/src/rp2_common/pico_double/double_v1_rom_shim_rp2040.S.o
                0x100023a4                ddiv_shim
 .text.double2uint_shim
                0x10002554        0xe CMakeFiles/sd_card_reader.dir/home/Sles/pr/pico/pico-sdk/src/rp2_common/pico_double/double_v1_rom_shim_rp2040.S.o
                0x10002554                double2uint_shim
                0x10002556                double2ufix_shim
 *fill*         0x10002562        0x2 
 .text.double2uint64_shim
                0x10002564       0x70 CMakeFiles/sd_card_reader.dir/home/Sles/pr/pico/pico-sdk/src/rp2_common/pico_double/double_v1_rom_shim_rp2040.S.o
                0x10002564                double2uint64_shim
                0x10002566                double2ufix64_shim
                0x10002586                d2fix_a
 .text.dunpacks
                0x100025d4       0x3c CMakeFiles/sd_card_reader.dir/home/Sles/pr/pico/pico-sdk/src/rp2_common/pico_double/double_v1_rom_shim_rp2040.S.o
                0x100025d4                dunpacks
 .text.__aeabi_lmul
                0x10002610       0x32 CMakeFiles/sd_card_reader.dir/home/Sles/pr/pico/pico-sdk/src/rp2_common/pico_int64_ops/pico_int64_ops_aeabi.S.o
                0x10002610                __wrap___aeabi_lmul
 *fill*         0x10002642        0x2 
 .text.__aeabi_float_init
                0x10002644       0x64 CMakeFiles/sd_card_reader.dir/home/Sles/pr/pico/pico-sdk/src/rp2_common/pico_float/float_init_rom_rp2040.c.o
                0x10002644                __aeabi_float_init
 .text.float_table_shim_on_use_helper
                0x100026a8       0x2c CMakeFiles/sd_card_reader.dir/home/Sles/pr/pico/pico-sdk/src/rp2_common/pico_float/float_v1_rom_shim_rp2040.S.o
                0x100026a8                float_table_shim_on_use_helper
 .text.__wrap_malloc
                0x100026d4       0x24 CMakeFiles/sd_card_reader.dir/home/Sles/pr/pico/pico-sdk/src/rp2_common/pico_malloc/malloc.c.o
                0x100026d4                __wrap_malloc
 .text.__wrap_free
                0x100026f8        0x8 CMakeFiles/sd_card_reader.dir/home/Sles/pr/pico/pico-sdk/src/rp2_common/pico_malloc/malloc.c.o
                0x100026f8                __wrap_free
 .text          0x10002700       0x10 CMakeFiles/sd_card_reader.dir/home/Sles/pr/pico/pico-sdk/src/rp2_common/pico_mem_ops/mem_ops_aeabi.S.o
                0x10002700                __aeabi_mem_init
 .text.memset   0x10002710        0xc CMakeFiles/sd_card_reader.dir/home/Sles/pr/pico/pico-sdk/src/rp2_common/pico_mem_ops/mem_ops_aeabi.S.o
                0x10002710                __wrap_memset
 .text.memcpy   0x1000271c        0xc CMakeFiles/sd_card_reader.dir/home/Sles/pr/pico/pico-sdk/src/rp2_common/pico_mem_ops/mem_ops_aeabi.S.o
                0x1000271c                __wrap___aeabi_memcpy
                0x1000271c                __wrap_memcpy
 .text._out_null
                0x10002728        0x4 CMakeFiles/sd_card_reader.dir/home/Sles/pr/pico/pico-sdk/src/rp2_common/pico_printf/printf.c.o
 .text._out_rev
                0x1000272c       0xac CMakeFiles/sd_card_reader.dir/home/Sles/pr/pico/pico-sdk/src/rp2_common/pico_printf/printf.c.o
 .text._ntoa_format
                0x100027d8      0x1cc CMakeFiles/sd_card_reader.dir/home/Sles/pr/pico/pico-sdk/src/rp2_common/pico_printf/printf.c.o
 .text._out_char
                0x100029a4       0x10 CMakeFiles/sd_card_reader.dir/home/Sles/pr/pico/pico-sdk/src/rp2_common/pico_printf/printf.c.o
 .text._out_fct
                0x100029b4       0x10 CMakeFiles/sd_card_reader.dir/home/Sles/pr/pico/pico-sdk/src/rp2_common/pico_printf/printf.c.o
 .text._ftoa    0x100029c4      0x4a8 CMakeFiles/sd_card_reader.dir/home/Sles/pr/pico/pico-sdk/src/rp2_common/pico_printf/printf.c.o
 .text._etoa    0x10002e6c      0x57c CMakeFiles/sd_card_reader.dir/home/Sles/pr/pico/pico-sdk/src/rp2_common/pico_printf/printf.c.o
 .text._vsnprintf
                0x100033e8      0xbe0 CMakeFiles/sd_card_reader.dir/home/Sles/pr/pico/pico-sdk/src/rp2_common/pico_printf/printf.c.o
 .text.vfctprintf
                0x10003fc8       0x24 CMakeFiles/sd_card_reader.dir/home/Sles/pr/pico/pico-sdk/src/rp2_common/pico_printf/printf.c.o
                0x10003fc8                vfctprintf
 .text.weak_raw_vprintf
                0x10003fec       0x30 CMakeFiles/sd_card_reader.dir/home/Sles/pr/pico/pico-sdk/src/rp2_common/pico_printf/printf.c.o
                0x10003fec                weak_raw_vprintf
 .text._exit    0x1000401c        0x4 CMakeFiles/sd_card_reader.dir/home/Sles/pr/pico/pico-sdk/src/rp2_common/pico_clib_interface/newlib_interface.c.o
                0x1000401c                _exit
 .text._sbrk    0x10004020       0x34 CMakeFiles/sd_card_reader.dir/home/Sles/pr/pico/pico-sdk/src/rp2_common/pico_clib_interface/newlib_interface.c.o
                0x10004020                _sbrk
 .text.exit     0x10004054        0x8 CMakeFiles/sd_card_reader.dir/home/Sles/pr/pico/pico-sdk/src/rp2_common/pico_clib_interface/newlib_interface.c.o
                0x10004054                exit
 .text.runtime_init
                0x1000405c       0x2c CMakeFiles/sd_card_reader.dir/home/Sles/pr/pico/pico-sdk/src/rp2_common/pico_clib_interface/newlib_interface.c.o
                0x1000405c                runtime_init
 .text.stdio_out_chars_no_crlf
                0x10004088       0x10 CMakeFiles/sd_card_reader.dir/home/Sles/pr/pico/pico-sdk/src/rp2_common/pico_stdio/stdio.c.o
 .text.stdio_out_chars_crlf
                0x10004098       0xb0 CMakeFiles/sd_card_reader.dir/home/Sles/pr/pico/pico-sdk/src/rp2_common/pico_stdio/stdio.c.o
 .text.stdio_buffered_printer
                0x10004148       0x64 CMakeFiles/sd_card_reader.dir/home/Sles/pr/pico/pico-sdk/src/rp2_common/pico_stdio/stdio.c.o
 .text.stdio_put_string
                0x100041ac       0xfc CMakeFiles/sd_card_reader.dir/home/Sles/pr/pico/pico-sdk/src/rp2_common/pico_stdio/stdio.c.o
                0x100041ac                stdio_put_string
 .text.stdio_set_driver_enabled
                0x100042a8       0x30 CMakeFiles/sd_card_reader.dir/home/Sles/pr/pico/pico-sdk/src/rp2_common/pico_stdio/stdio.c.o
                0x100042a8                stdio_set_driver_enabled
 .text.stdio_init_all
                0x100042d8        0x8 CMakeFiles/sd_card_reader.dir/home/Sles/pr/pico/pico-sdk/src/rp2_common/pico_stdio/stdio.c.o
                0x100042d8                stdio_init_all
 .text.__wrap_getchar
                0x100042e0       0x80 CMakeFiles/sd_card_reader.dir/home/Sles/pr/pico/pico-sdk/src/rp2_common/pico_stdio/stdio.c.o
                0x100042e0                __wrap_getchar
                0x100042e0                stdio_getchar
 .text.__wrap_putchar
                0x10004360       0x94 CMakeFiles/sd_card_reader.dir/home/Sles/pr/pico/pico-sdk/src/rp2_common/pico_stdio/stdio.c.o
                0x10004360                stdio_putchar
                0x10004360                __wrap_putchar
 .text.__wrap_puts
                0x100043f4       0x3c CMakeFiles/sd_card_reader.dir/home/Sles/pr/pico/pico-sdk/src/rp2_common/pico_stdio/stdio.c.o
                0x100043f4                __wrap_puts
                0x100043f4                stdio_puts
 .text.__wrap_vprintf
                0x10004430       0xcc CMakeFiles/sd_card_reader.dir/home/Sles/pr/pico/pico-sdk/src/rp2_common/pico_stdio/stdio.c.o
                0x10004430                __wrap_vprintf
                0x10004430                stdio_vprintf
 .text.__wrap_printf
                0x100044fc       0x18 CMakeFiles/sd_card_reader.dir/home/Sles/pr/pico/pico-sdk/src/rp2_common/pico_stdio/stdio.c.o
                0x100044fc                stdio_printf
                0x100044fc                __wrap_printf
 .text.resetd_init
                0x10004514        0x4 CMakeFiles/sd_card_reader.dir/home/Sles/pr/pico/pico-sdk/src/rp2_common/pico_stdio_usb/reset_interface.c.o
 .text.resetd_reset
                0x10004518        0xc CMakeFiles/sd_card_reader.dir/home/Sles/pr/pico/pico-sdk/src/rp2_common/pico_stdio_usb/reset_interface.c.o
 .text.resetd_open
                0x10004524       0x28 CMakeFiles/sd_card_reader.dir/home/Sles/pr/pico/pico-sdk/src/rp2_common/pico_stdio_usb/reset_interface.c.o
 .text.resetd_xfer_cb
                0x1000454c        0x4 CMakeFiles/sd_card_reader.dir/home/Sles/pr/pico/pico-sdk/src/rp2_common/pico_stdio_usb/reset_interface.c.o
 .text.resetd_control_xfer_cb
                0x10004550       0x54 CMakeFiles/sd_card_reader.dir/home/Sles/pr/pico/pico-sdk/src/rp2_common/pico_stdio_usb/reset_interface.c.o
 .text.tud_descriptor_bos_cb
                0x100045a4        0x8 CMakeFiles/sd_card_reader.dir/home/Sles/pr/pico/pico-sdk/src/rp2_common/pico_stdio_usb/reset_interface.c.o
                0x100045a4                tud_descriptor_bos_cb
 .text.tud_vendor_control_xfer_cb
                0x100045ac       0x34 CMakeFiles/sd_card_reader.dir/home/Sles/pr/pico/pico-sdk/src/rp2_common/pico_stdio_usb/reset_interface.c.o
                0x100045ac                tud_vendor_control_xfer_cb
 .text.usbd_app_driver_get_cb
                0x100045e0        0xc CMakeFiles/sd_card_reader.dir/home/Sles/pr/pico/pico-sdk/src/rp2_common/pico_stdio_usb/reset_interface.c.o
                0x100045e0                usbd_app_driver_get_cb
 .text.tud_cdc_line_coding_cb
                0x100045ec       0x2c CMakeFiles/sd_card_reader.dir/home/Sles/pr/pico/pico-sdk/src/rp2_common/pico_stdio_usb/reset_interface.c.o
                0x100045ec                tud_cdc_line_coding_cb
 .text.stdio_usb_set_chars_available_callback
                0x10004618       0x14 CMakeFiles/sd_card_reader.dir/home/Sles/pr/pico/pico-sdk/src/rp2_common/pico_stdio_usb/stdio_usb.c.o
                0x10004618                stdio_usb_set_chars_available_callback
 .text.usb_irq  0x1000462c       0x10 CMakeFiles/sd_card_reader.dir/home/Sles/pr/pico/pico-sdk/src/rp2_common/pico_stdio_usb/stdio_usb.c.o
 .text.timer_task
                0x1000463c       0x64 CMakeFiles/sd_card_reader.dir/home/Sles/pr/pico/pico-sdk/src/rp2_common/pico_stdio_usb/stdio_usb.c.o
 .text.stdio_usb_in_chars
                0x100046a0       0x8c CMakeFiles/sd_card_reader.dir/home/Sles/pr/pico/pico-sdk/src/rp2_common/pico_stdio_usb/stdio_usb.c.o
                0x100046a0                stdio_usb_in_chars
 .text.stdio_usb_out_flush
                0x1000472c       0x4c CMakeFiles/sd_card_reader.dir/home/Sles/pr/pico/pico-sdk/src/rp2_common/pico_stdio_usb/stdio_usb.c.o
 .text.stdio_usb_out_chars
                0x10004778      0x100 CMakeFiles/sd_card_reader.dir/home/Sles/pr/pico/pico-sdk/src/rp2_common/pico_stdio_usb/stdio_usb.c.o
 .text.low_priority_worker_irq
                0x10004878       0xc8 CMakeFiles/sd_card_reader.dir/home/Sles/pr/pico/pico-sdk/src/rp2_common/pico_stdio_usb/stdio_usb.c.o
 .text.stdio_usb_init
                0x10004940       0xe8 CMakeFiles/sd_card_reader.dir/home/Sles/pr/pico/pico-sdk/src/rp2_common/pico_stdio_usb/stdio_usb.c.o
                0x10004940                stdio_usb_init
 .text.tud_descriptor_device_cb
                0x10004a28        0x8 CMakeFiles/sd_card_reader.dir/home/Sles/pr/pico/pico-sdk/src/rp2_common/pico_stdio_usb/stdio_usb_descriptors.c.o
                0x10004a28                tud_descriptor_device_cb
 .text.tud_descriptor_configuration_cb
                0x10004a30        0x8 CMakeFiles/sd_card_reader.dir/home/Sles/pr/pico/pico-sdk/src/rp2_common/pico_stdio_usb/stdio_usb_descriptors.c.o
                0x10004a30                tud_descriptor_configuration_cb
 .text.tud_descriptor_string_cb
                0x10004a38       0x78 CMakeFiles/sd_card_reader.dir/home/Sles/pr/pico/pico-sdk/src/rp2_common/pico_stdio_usb/stdio_usb_descriptors.c.o
                0x10004a38                tud_descriptor_string_cb
 .text.startup._retrieve_unique_id_on_boot
                0x10004ab0       0x10 CMakeFiles/sd_card_reader.dir/home/Sles/pr/pico/pico-sdk/src/rp2_common/pico_unique_id/unique_id.c.o
 .text.pico_get_unique_board_id_string
                0x10004ac0      0x1a8 CMakeFiles/sd_card_reader.dir/home/Sles/pr/pico/pico-sdk/src/rp2_common/pico_unique_id/unique_id.c.o
                0x10004ac0                pico_get_unique_board_id_string
 .text.flash_get_unique_id
                0x10004c68       0x3c CMakeFiles/sd_card_reader.dir/home/Sles/pr/pico/pico-sdk/src/rp2_common/hardware_flash/flash.c.o
                0x10004c68                flash_get_unique_id
 .text.dcd_init
                0x10004ca4       0x90 CMakeFiles/sd_card_reader.dir/home/Sles/pr/pico/pico-sdk/lib/tinyusb/src/portable/raspberrypi/rp2040/dcd_rp2040.c.o
                0x10004ca4                dcd_init
 .text.dcd_int_enable
                0x10004d34        0xc CMakeFiles/sd_card_reader.dir/home/Sles/pr/pico/pico-sdk/lib/tinyusb/src/portable/raspberrypi/rp2040/dcd_rp2040.c.o
                0x10004d34                dcd_int_enable
 .text.dcd_set_address
                0x10004d40       0x14 CMakeFiles/sd_card_reader.dir/home/Sles/pr/pico/pico-sdk/lib/tinyusb/src/portable/raspberrypi/rp2040/dcd_rp2040.c.o
                0x10004d40                dcd_set_address
 .text.dcd_sof_enable
                0x10004d54       0x1c CMakeFiles/sd_card_reader.dir/home/Sles/pr/pico/pico-sdk/lib/tinyusb/src/portable/raspberrypi/rp2040/dcd_rp2040.c.o
                0x10004d54                dcd_sof_enable
 .text.dcd_edpt0_status_complete
                0x10004d70       0x1c CMakeFiles/sd_card_reader.dir/home/Sles/pr/pico/pico-sdk/lib/tinyusb/src/portable/raspberrypi/rp2040/dcd_rp2040.c.o
                0x10004d70                dcd_edpt0_status_complete
 .text.dcd_edpt_open
                0x10004d8c      0x114 CMakeFiles/sd_card_reader.dir/home/Sles/pr/pico/pico-sdk/lib/tinyusb/src/portable/raspberrypi/rp2040/dcd_rp2040.c.o
                0x10004d8c                dcd_edpt_open
 .text.dcd_edpt_close_all
                0x10004ea0        0x8 CMakeFiles/sd_card_reader.dir/home/Sles/pr/pico/pico-sdk/lib/tinyusb/src/portable/raspberrypi/rp2040/dcd_rp2040.c.o
                0x10004ea0                dcd_edpt_close_all
 .text.dcd_edpt_xfer
                0x10004ea8       0x24 CMakeFiles/sd_card_reader.dir/home/Sles/pr/pico/pico-sdk/lib/tinyusb/src/portable/raspberrypi/rp2040/dcd_rp2040.c.o
                0x10004ea8                dcd_edpt_xfer
 .text.dcd_edpt_stall
                0x10004ecc       0x3c CMakeFiles/sd_card_reader.dir/home/Sles/pr/pico/pico-sdk/lib/tinyusb/src/portable/raspberrypi/rp2040/dcd_rp2040.c.o
                0x10004ecc                dcd_edpt_stall
 .text.dcd_edpt_clear_stall
                0x10004f08       0x30 CMakeFiles/sd_card_reader.dir/home/Sles/pr/pico/pico-sdk/lib/tinyusb/src/portable/raspberrypi/rp2040/dcd_rp2040.c.o
                0x10004f08                dcd_edpt_clear_stall
 .text.rp2040_usb_init
                0x10004f38       0x40 CMakeFiles/sd_card_reader.dir/home/Sles/pr/pico/pico-sdk/lib/tinyusb/src/portable/raspberrypi/rp2040/rp2040_usb.c.o
                0x10004f38                rp2040_usb_init
 .text.hw_endpoint_xfer_start
                0x10004f78       0x40 CMakeFiles/sd_card_reader.dir/home/Sles/pr/pico/pico-sdk/lib/tinyusb/src/portable/raspberrypi/rp2040/rp2040_usb.c.o
                0x10004f78                hw_endpoint_xfer_start
 .text.tud_event_hook_cb
                0x10004fb8        0x4 CMakeFiles/sd_card_reader.dir/home/Sles/pr/pico/pico-sdk/lib/tinyusb/src/device/usbd.c.o
                0x10004fb8                tud_event_hook_cb
 .text.tud_sof_cb
                0x10004fbc        0x4 CMakeFiles/sd_card_reader.dir/home/Sles/pr/pico/pico-sdk/lib/tinyusb/src/device/usbd.c.o
                0x10004fbc                tud_sof_cb
 .text.tud_descriptor_device_qualifier_cb
                0x10004fc0        0x4 CMakeFiles/sd_card_reader.dir/home/Sles/pr/pico/pico-sdk/lib/tinyusb/src/device/usbd.c.o
                0x10004fc0                tud_descriptor_device_qualifier_cb
 .text.tud_descriptor_other_speed_configuration_cb
                0x10004fc4        0x4 CMakeFiles/sd_card_reader.dir/home/Sles/pr/pico/pico-sdk/lib/tinyusb/src/device/usbd.c.o
                0x10004fc4                tud_descriptor_other_speed_configuration_cb
 .text.tud_mount_cb
                0x10004fc8        0x4 CMakeFiles/sd_card_reader.dir/home/Sles/pr/pico/pico-sdk/lib/tinyusb/src/device/usbd.c.o
                0x10004fc8                tud_mount_cb
 .text.tud_umount_cb
                0x10004fcc        0x4 CMakeFiles/sd_card_reader.dir/home/Sles/pr/pico/pico-sdk/lib/tinyusb/src/device/usbd.c.o
                0x10004fcc                tud_umount_cb
 .text.tud_suspend_cb
                0x10004fd0        0x4 CMakeFiles/sd_card_reader.dir/home/Sles/pr/pico/pico-sdk/lib/tinyusb/src/device/usbd.c.o
                0x10004fd0                tud_suspend_cb
 .text.tud_resume_cb
                0x10004fd4        0x4 CMakeFiles/sd_card_reader.dir/home/Sles/pr/pico/pico-sdk/lib/tinyusb/src/device/usbd.c.o
                0x10004fd4                tud_resume_cb
 .text.tud_mounted
                0x10004fd8       0x10 CMakeFiles/sd_card_reader.dir/home/Sles/pr/pico/pico-sdk/lib/tinyusb/src/device/usbd.c.o
                0x10004fd8                tud_mounted
 .text.tud_suspended
                0x10004fe8       0x10 CMakeFiles/sd_card_reader.dir/home/Sles/pr/pico/pico-sdk/lib/tinyusb/src/device/usbd.c.o
                0x10004fe8                tud_suspended
 .text.tud_rhport_init
                0x10004ff8       0xf4 CMakeFiles/sd_card_reader.dir/home/Sles/pr/pico/pico-sdk/lib/tinyusb/src/device/usbd.c.o
                0x10004ff8                tud_rhport_init
 .text.tud_task_ext
                0x100050ec      0x800 CMakeFiles/sd_card_reader.dir/home/Sles/pr/pico/pico-sdk/lib/tinyusb/src/device/usbd.c.o
                0x100050ec                tud_task_ext
 .text.usbd_open_edpt_pair
                0x100058ec       0x9c CMakeFiles/sd_card_reader.dir/home/Sles/pr/pico/pico-sdk/lib/tinyusb/src/device/usbd.c.o
                0x100058ec                usbd_open_edpt_pair
 .text.usbd_edpt_open
                0x10005988       0x34 CMakeFiles/sd_card_reader.dir/home/Sles/pr/pico/pico-sdk/lib/tinyusb/src/device/usbd.c.o
                0x10005988                usbd_edpt_open
 .text.usbd_edpt_claim
                0x100059bc       0x28 CMakeFiles/sd_card_reader.dir/home/Sles/pr/pico/pico-sdk/lib/tinyusb/src/device/usbd.c.o
                0x100059bc                usbd_edpt_claim
 .text.usbd_edpt_release
                0x100059e4       0x28 CMakeFiles/sd_card_reader.dir/home/Sles/pr/pico/pico-sdk/lib/tinyusb/src/device/usbd.c.o
                0x100059e4                usbd_edpt_release
 .text.usbd_edpt_xfer
                0x10005a0c       0x4c CMakeFiles/sd_card_reader.dir/home/Sles/pr/pico/pico-sdk/lib/tinyusb/src/device/usbd.c.o
                0x10005a0c                usbd_edpt_xfer
 .text.tud_control_status
                0x10005a58       0x2c CMakeFiles/sd_card_reader.dir/home/Sles/pr/pico/pico-sdk/lib/tinyusb/src/device/usbd_control.c.o
                0x10005a58                tud_control_status
 .text.tud_control_xfer
                0x10005a84       0xa8 CMakeFiles/sd_card_reader.dir/home/Sles/pr/pico/pico-sdk/lib/tinyusb/src/device/usbd_control.c.o
                0x10005a84                tud_control_xfer
 .text.usbd_control_reset
                0x10005b2c       0x14 CMakeFiles/sd_card_reader.dir/home/Sles/pr/pico/pico-sdk/lib/tinyusb/src/device/usbd_control.c.o
                0x10005b2c                usbd_control_reset
 .text.usbd_control_set_complete_callback
                0x10005b40        0xc CMakeFiles/sd_card_reader.dir/home/Sles/pr/pico/pico-sdk/lib/tinyusb/src/device/usbd_control.c.o
                0x10005b40                usbd_control_set_complete_callback
 .text.usbd_control_set_request
                0x10005b4c       0x1c CMakeFiles/sd_card_reader.dir/home/Sles/pr/pico/pico-sdk/lib/tinyusb/src/device/usbd_control.c.o
                0x10005b4c                usbd_control_set_request
 .text.usbd_control_xfer_cb
                0x10005b68       0xec CMakeFiles/sd_card_reader.dir/home/Sles/pr/pico/pico-sdk/lib/tinyusb/src/device/usbd_control.c.o
                0x10005b68                usbd_control_xfer_cb
 .text._prep_out_transaction.isra.0
                0x10005c54       0x6c CMakeFiles/sd_card_reader.dir/home/Sles/pr/pico/pico-sdk/lib/tinyusb/src/class/cdc/cdc_device.c.o
 .text.tud_cdc_n_connected
                0x10005cc0       0x2c CMakeFiles/sd_card_reader.dir/home/Sles/pr/pico/pico-sdk/lib/tinyusb/src/class/cdc/cdc_device.c.o
                0x10005cc0                tud_cdc_n_connected
 .text.tud_cdc_n_available
                0x10005cec       0x14 CMakeFiles/sd_card_reader.dir/home/Sles/pr/pico/pico-sdk/lib/tinyusb/src/class/cdc/cdc_device.c.o
                0x10005cec                tud_cdc_n_available
 .text.tud_cdc_n_read
                0x10005d00       0x88 CMakeFiles/sd_card_reader.dir/home/Sles/pr/pico/pico-sdk/lib/tinyusb/src/class/cdc/cdc_device.c.o
                0x10005d00                tud_cdc_n_read
 .text.tud_cdc_n_write_flush
                0x10005d88       0x74 CMakeFiles/sd_card_reader.dir/home/Sles/pr/pico/pico-sdk/lib/tinyusb/src/class/cdc/cdc_device.c.o
                0x10005d88                tud_cdc_n_write_flush
 .text.tud_cdc_n_write
                0x10005dfc       0x40 CMakeFiles/sd_card_reader.dir/home/Sles/pr/pico/pico-sdk/lib/tinyusb/src/class/cdc/cdc_device.c.o
                0x10005dfc                tud_cdc_n_write
 .text.tud_cdc_n_write_available
                0x10005e3c       0x14 CMakeFiles/sd_card_reader.dir/home/Sles/pr/pico/pico-sdk/lib/tinyusb/src/class/cdc/cdc_device.c.o
                0x10005e3c                tud_cdc_n_write_available
 .text.cdcd_init
                0x10005e50       0x70 CMakeFiles/sd_card_reader.dir/home/Sles/pr/pico/pico-sdk/lib/tinyusb/src/class/cdc/cdc_device.c.o
                0x10005e50                cdcd_init
 .text.cdcd_deinit
                0x10005ec0       0x30 CMakeFiles/sd_card_reader.dir/home/Sles/pr/pico/pico-sdk/lib/tinyusb/src/class/cdc/cdc_device.c.o
                0x10005ec0                cdcd_deinit
 .text.cdcd_reset
                0x10005ef0       0x4c CMakeFiles/sd_card_reader.dir/home/Sles/pr/pico/pico-sdk/lib/tinyusb/src/class/cdc/cdc_device.c.o
                0x10005ef0                cdcd_reset
 .text.cdcd_open
                0x10005f3c       0xa4 CMakeFiles/sd_card_reader.dir/home/Sles/pr/pico/pico-sdk/lib/tinyusb/src/class/cdc/cdc_device.c.o
                0x10005f3c                cdcd_open
 .text.cdcd_control_xfer_cb
                0x10005fe0       0xe8 CMakeFiles/sd_card_reader.dir/home/Sles/pr/pico/pico-sdk/lib/tinyusb/src/class/cdc/cdc_device.c.o
                0x10005fe0                cdcd_control_xfer_cb
 .text.cdcd_xfer_cb
                0x100060c8      0x100 CMakeFiles/sd_card_reader.dir/home/Sles/pr/pico/pico-sdk/lib/tinyusb/src/class/cdc/cdc_device.c.o
                0x100060c8                cdcd_xfer_cb
 .text.vendord_init
                0x100061c8       0x5c CMakeFiles/sd_card_reader.dir/home/Sles/pr/pico/pico-sdk/lib/tinyusb/src/class/vendor/vendor_device.c.o
                0x100061c8                vendord_init
 .text.vendord_deinit
                0x10006224       0x1c CMakeFiles/sd_card_reader.dir/home/Sles/pr/pico/pico-sdk/lib/tinyusb/src/class/vendor/vendor_device.c.o
                0x10006224                vendord_deinit
 .text.vendord_reset
                0x10006240       0x28 CMakeFiles/sd_card_reader.dir/home/Sles/pr/pico/pico-sdk/lib/tinyusb/src/class/vendor/vendor_device.c.o
                0x10006240                vendord_reset
 .text.vendord_open
                0x10006268      0x120 CMakeFiles/sd_card_reader.dir/home/Sles/pr/pico/pico-sdk/lib/tinyusb/src/class/vendor/vendor_device.c.o
                0x10006268                vendord_open
 .text.vendord_xfer_cb
                0x10006388       0x9c CMakeFiles/sd_card_reader.dir/home/Sles/pr/pico/pico-sdk/lib/tinyusb/src/class/vendor/vendor_device.c.o
                0x10006388                vendord_xfer_cb
 .text.tusb_rhport_init
                0x10006424       0x4c CMakeFiles/sd_card_reader.dir/home/Sles/pr/pico/pico-sdk/lib/tinyusb/src/tusb.c.o
                0x10006424                tusb_rhport_init
 .text.tu_edpt_claim
                0x10006470       0x50 CMakeFiles/sd_card_reader.dir/home/Sles/pr/pico/pico-sdk/lib/tinyusb/src/tusb.c.o
                0x10006470                tu_edpt_claim
 .text.tu_edpt_release
                0x100064c0       0x38 CMakeFiles/sd_card_reader.dir/home/Sles/pr/pico/pico-sdk/lib/tinyusb/src/tusb.c.o
                0x100064c0                tu_edpt_release
 .text.tu_edpt_validate
                0x100064f8       0x7c CMakeFiles/sd_card_reader.dir/home/Sles/pr/pico/pico-sdk/lib/tinyusb/src/tusb.c.o
                0x100064f8                tu_edpt_validate
 .text.tu_edpt_bind_driver
                0x10006574       0x34 CMakeFiles/sd_card_reader.dir/home/Sles/pr/pico/pico-sdk/lib/tinyusb/src/tusb.c.o
                0x10006574                tu_edpt_bind_driver
 .text.tu_edpt_stream_init
                0x100065a8       0x6c CMakeFiles/sd_card_reader.dir/home/Sles/pr/pico/pico-sdk/lib/tinyusb/src/tusb.c.o
                0x100065a8                tu_edpt_stream_init
 .text.tu_edpt_stream_deinit
                0x10006614        0x4 CMakeFiles/sd_card_reader.dir/home/Sles/pr/pico/pico-sdk/lib/tinyusb/src/tusb.c.o
                0x10006614                tu_edpt_stream_deinit
 .text.tu_edpt_stream_write_zlp_if_needed
                0x10006618       0x68 CMakeFiles/sd_card_reader.dir/home/Sles/pr/pico/pico-sdk/lib/tinyusb/src/tusb.c.o
                0x10006618                tu_edpt_stream_write_zlp_if_needed
 .text.tu_edpt_stream_write_xfer
                0x10006680       0x68 CMakeFiles/sd_card_reader.dir/home/Sles/pr/pico/pico-sdk/lib/tinyusb/src/tusb.c.o
                0x10006680                tu_edpt_stream_write_xfer
 .text.tu_edpt_stream_read_xfer
                0x100066e8       0xd8 CMakeFiles/sd_card_reader.dir/home/Sles/pr/pico/pico-sdk/lib/tinyusb/src/tusb.c.o
                0x100066e8                tu_edpt_stream_read_xfer
 .text.tu_fifo_config
                0x100067c0       0x6c CMakeFiles/sd_card_reader.dir/home/Sles/pr/pico/pico-sdk/lib/tinyusb/src/common/tusb_fifo.c.o
                0x100067c0                tu_fifo_config
 .text.tu_fifo_count
                0x1000682c       0x2c CMakeFiles/sd_card_reader.dir/home/Sles/pr/pico/pico-sdk/lib/tinyusb/src/common/tusb_fifo.c.o
                0x1000682c                tu_fifo_count
 .text.tu_fifo_empty
                0x10006858       0x10 CMakeFiles/sd_card_reader.dir/home/Sles/pr/pico/pico-sdk/lib/tinyusb/src/common/tusb_fifo.c.o
                0x10006858                tu_fifo_empty
 .text.tu_fifo_remaining
                0x10006868       0x2c CMakeFiles/sd_card_reader.dir/home/Sles/pr/pico/pico-sdk/lib/tinyusb/src/common/tusb_fifo.c.o
                0x10006868                tu_fifo_remaining
 .text.tu_fifo_read
                0x10006894       0x9c CMakeFiles/sd_card_reader.dir/home/Sles/pr/pico/pico-sdk/lib/tinyusb/src/common/tusb_fifo.c.o
                0x10006894                tu_fifo_read
 .text.tu_fifo_read_n
                0x10006930       0xe8 CMakeFiles/sd_card_reader.dir/home/Sles/pr/pico/pico-sdk/lib/tinyusb/src/common/tusb_fifo.c.o
                0x10006930                tu_fifo_read_n
 .text.tu_fifo_write
                0x10006a18       0xa4 CMakeFiles/sd_card_reader.dir/home/Sles/pr/pico/pico-sdk/lib/tinyusb/src/common/tusb_fifo.c.o
                0x10006a18                tu_fifo_write
 .text.tu_fifo_write_n
                0x10006abc      0x178 CMakeFiles/sd_card_reader.dir/home/Sles/pr/pico/pico-sdk/lib/tinyusb/src/common/tusb_fifo.c.o
                0x10006abc                tu_fifo_write_n
 .text.tu_fifo_clear
                0x10006c34       0x40 CMakeFiles/sd_card_reader.dir/home/Sles/pr/pico/pico-sdk/lib/tinyusb/src/common/tusb_fifo.c.o
                0x10006c34                tu_fifo_clear
 .text.tu_fifo_set_overwritable
                0x10006c74       0x48 CMakeFiles/sd_card_reader.dir/home/Sles/pr/pico/pico-sdk/lib/tinyusb/src/common/tusb_fifo.c.o
                0x10006c74                tu_fifo_set_overwritable
 .text.ff_memalloc
                0x10006cbc        0x8 CMakeFiles/sd_card_reader.dir/lib/no-OS-FatFS-SD-SPI-RPi-Pico/FatFs_SPI/ff15/source/ffsystem.c.o
                0x10006cbc                ff_memalloc
 .text.ff_memfree
                0x10006cc4        0x8 CMakeFiles/sd_card_reader.dir/lib/no-OS-FatFS-SD-SPI-RPi-Pico/FatFs_SPI/ff15/source/ffsystem.c.o
                0x10006cc4                ff_memfree
 .text.ff_uni2oem
                0x10006ccc       0x40 CMakeFiles/sd_card_reader.dir/lib/no-OS-FatFS-SD-SPI-RPi-Pico/FatFs_SPI/ff15/source/ffunicode.c.o
                0x10006ccc                ff_uni2oem
 .text.ff_wtoupper
                0x10006d0c       0xb8 CMakeFiles/sd_card_reader.dir/lib/no-OS-FatFS-SD-SPI-RPi-Pico/FatFs_SPI/ff15/source/ffunicode.c.o
                0x10006d0c                ff_wtoupper
 .text.tchar2uni
                0x10006dc4      0x100 CMakeFiles/sd_card_reader.dir/lib/no-OS-FatFS-SD-SPI-RPi-Pico/FatFs_SPI/ff15/source/ff.c.o
 .text.inc_share
                0x10006ec4      0x37c CMakeFiles/sd_card_reader.dir/lib/no-OS-FatFS-SD-SPI-RPi-Pico/FatFs_SPI/ff15/source/ff.c.o
 .text.dir_clear
                0x10007240      0x1b0 CMakeFiles/sd_card_reader.dir/lib/no-OS-FatFS-SD-SPI-RPi-Pico/FatFs_SPI/ff15/source/ff.c.o
 .text.init_alloc_info.isra.0
                0x100073f0       0x6c CMakeFiles/sd_card_reader.dir/lib/no-OS-FatFS-SD-SPI-RPi-Pico/FatFs_SPI/ff15/source/ff.c.o
 .text.move_window
                0x1000745c       0xbc CMakeFiles/sd_card_reader.dir/lib/no-OS-FatFS-SD-SPI-RPi-Pico/FatFs_SPI/ff15/source/ff.c.o
 .text.put_fat.part.0
                0x10007518      0x164 CMakeFiles/sd_card_reader.dir/lib/no-OS-FatFS-SD-SPI-RPi-Pico/FatFs_SPI/ff15/source/ff.c.o
 .text.get_fat  0x1000767c      0x1b0 CMakeFiles/sd_card_reader.dir/lib/no-OS-FatFS-SD-SPI-RPi-Pico/FatFs_SPI/ff15/source/ff.c.o
 .text.dir_next.constprop.0
                0x1000782c       0xbc CMakeFiles/sd_card_reader.dir/lib/no-OS-FatFS-SD-SPI-RPi-Pico/FatFs_SPI/ff15/source/ff.c.o
 .text.sync_fs  0x100078e8       0xfc CMakeFiles/sd_card_reader.dir/lib/no-OS-FatFS-SD-SPI-RPi-Pico/FatFs_SPI/ff15/source/ff.c.o
 .text.check_fs
                0x100079e4      0x188 CMakeFiles/sd_card_reader.dir/lib/no-OS-FatFS-SD-SPI-RPi-Pico/FatFs_SPI/ff15/source/ff.c.o
 .text.mount_volume
                0x10007b6c      0xac0 CMakeFiles/sd_card_reader.dir/lib/no-OS-FatFS-SD-SPI-RPi-Pico/FatFs_SPI/ff15/source/ff.c.o
 .text.load_xdir
                0x1000862c      0x1c0 CMakeFiles/sd_card_reader.dir/lib/no-OS-FatFS-SD-SPI-RPi-Pico/FatFs_SPI/ff15/source/ff.c.o
 .text.dir_read.constprop.0
                0x100087ec      0x518 CMakeFiles/sd_card_reader.dir/lib/no-OS-FatFS-SD-SPI-RPi-Pico/FatFs_SPI/ff15/source/ff.c.o
 .text.dir_sdi  0x10008d04      0x2f4 CMakeFiles/sd_card_reader.dir/lib/no-OS-FatFS-SD-SPI-RPi-Pico/FatFs_SPI/ff15/source/ff.c.o
 .text.store_xdir
                0x10008ff8      0x234 CMakeFiles/sd_card_reader.dir/lib/no-OS-FatFS-SD-SPI-RPi-Pico/FatFs_SPI/ff15/source/ff.c.o
 .text.dir_find
                0x1000922c      0x49c CMakeFiles/sd_card_reader.dir/lib/no-OS-FatFS-SD-SPI-RPi-Pico/FatFs_SPI/ff15/source/ff.c.o
 .text.follow_path
                0x100096c8      0x5b0 CMakeFiles/sd_card_reader.dir/lib/no-OS-FatFS-SD-SPI-RPi-Pico/FatFs_SPI/ff15/source/ff.c.o
 .text.remove_chain
                0x10009c78      0x3e4 CMakeFiles/sd_card_reader.dir/lib/no-OS-FatFS-SD-SPI-RPi-Pico/FatFs_SPI/ff15/source/ff.c.o
 .text.create_chain
                0x1000a05c      0x4fc CMakeFiles/sd_card_reader.dir/lib/no-OS-FatFS-SD-SPI-RPi-Pico/FatFs_SPI/ff15/source/ff.c.o
 .text.dir_alloc
                0x1000a558      0x214 CMakeFiles/sd_card_reader.dir/lib/no-OS-FatFS-SD-SPI-RPi-Pico/FatFs_SPI/ff15/source/ff.c.o
 .text.dir_register
                0x1000a76c      0x950 CMakeFiles/sd_card_reader.dir/lib/no-OS-FatFS-SD-SPI-RPi-Pico/FatFs_SPI/ff15/source/ff.c.o
 .text.f_mount  0x1000b0bc      0x1c8 CMakeFiles/sd_card_reader.dir/lib/no-OS-FatFS-SD-SPI-RPi-Pico/FatFs_SPI/ff15/source/ff.c.o
                0x1000b0bc                f_mount
 .text.f_open   0x1000b284      0x89c CMakeFiles/sd_card_reader.dir/lib/no-OS-FatFS-SD-SPI-RPi-Pico/FatFs_SPI/ff15/source/ff.c.o
                0x1000b284                f_open
 .text.f_read   0x1000bb20      0x26c CMakeFiles/sd_card_reader.dir/lib/no-OS-FatFS-SD-SPI-RPi-Pico/FatFs_SPI/ff15/source/ff.c.o
                0x1000bb20                f_read
 .text.f_write  0x1000bd8c      0x2f4 CMakeFiles/sd_card_reader.dir/lib/no-OS-FatFS-SD-SPI-RPi-Pico/FatFs_SPI/ff15/source/ff.c.o
                0x1000bd8c                f_write
 .text.putc_bfd
                0x1000c080      0x178 CMakeFiles/sd_card_reader.dir/lib/no-OS-FatFS-SD-SPI-RPi-Pico/FatFs_SPI/ff15/source/ff.c.o
 .text.putc_bfd.constprop.0
                0x1000c1f8       0x50 CMakeFiles/sd_card_reader.dir/lib/no-OS-FatFS-SD-SPI-RPi-Pico/FatFs_SPI/ff15/source/ff.c.o
 .text.f_sync   0x1000c248      0x2b8 CMakeFiles/sd_card_reader.dir/lib/no-OS-FatFS-SD-SPI-RPi-Pico/FatFs_SPI/ff15/source/ff.c.o
                0x1000c248                f_sync
 .text.f_close  0x1000c500       0x78 CMakeFiles/sd_card_reader.dir/lib/no-OS-FatFS-SD-SPI-RPi-Pico/FatFs_SPI/ff15/source/ff.c.o
                0x1000c500                f_close
 .text.f_gets   0x1000c578      0x46c CMakeFiles/sd_card_reader.dir/lib/no-OS-FatFS-SD-SPI-RPi-Pico/FatFs_SPI/ff15/source/ff.c.o
                0x1000c578                f_gets
 .text.f_printf
                0x1000c9e4      0xda8 CMakeFiles/sd_card_reader.dir/lib/no-OS-FatFS-SD-SPI-RPi-Pico/FatFs_SPI/ff15/source/ff.c.o
                0x1000c9e4                f_printf
 .text.sd_spi_go_high_frequency
                0x1000d78c       0x10 CMakeFiles/sd_card_reader.dir/lib/no-OS-FatFS-SD-SPI-RPi-Pico/FatFs_SPI/sd_driver/sd_spi.c.o
                0x1000d78c                sd_spi_go_high_frequency
 .text.sd_spi_go_low_frequency
                0x1000d79c       0x14 CMakeFiles/sd_card_reader.dir/lib/no-OS-FatFS-SD-SPI-RPi-Pico/FatFs_SPI/sd_driver/sd_spi.c.o
                0x1000d79c                sd_spi_go_low_frequency
 .text.sd_spi_deselect_pulse
                0x1000d7b0       0x44 CMakeFiles/sd_card_reader.dir/lib/no-OS-FatFS-SD-SPI-RPi-Pico/FatFs_SPI/sd_driver/sd_spi.c.o
                0x1000d7b0                sd_spi_deselect_pulse
 .text.sd_spi_acquire
                0x1000d7f4       0x30 CMakeFiles/sd_card_reader.dir/lib/no-OS-FatFS-SD-SPI-RPi-Pico/FatFs_SPI/sd_driver/sd_spi.c.o
                0x1000d7f4                sd_spi_acquire
 .text.sd_spi_release
                0x1000d824       0x30 CMakeFiles/sd_card_reader.dir/lib/no-OS-FatFS-SD-SPI-RPi-Pico/FatFs_SPI/sd_driver/sd_spi.c.o
                0x1000d824                sd_spi_release
 .text.sd_spi_transfer
                0x1000d854        0xc CMakeFiles/sd_card_reader.dir/lib/no-OS-FatFS-SD-SPI-RPi-Pico/FatFs_SPI/sd_driver/sd_spi.c.o
                0x1000d854                sd_spi_transfer
 .text.sd_spi_write
                0x1000d860       0x24 CMakeFiles/sd_card_reader.dir/lib/no-OS-FatFS-SD-SPI-RPi-Pico/FatFs_SPI/sd_driver/sd_spi.c.o
                0x1000d860                sd_spi_write
 .text.sd_spi_send_initializing_sequence
                0x1000d884       0x78 CMakeFiles/sd_card_reader.dir/lib/no-OS-FatFS-SD-SPI-RPi-Pico/FatFs_SPI/sd_driver/sd_spi.c.o
                0x1000d884                sd_spi_send_initializing_sequence
 .text.spi_lock
                0x1000d8fc        0xc CMakeFiles/sd_card_reader.dir/lib/no-OS-FatFS-SD-SPI-RPi-Pico/FatFs_SPI/sd_driver/spi.c.o
                0x1000d8fc                spi_lock
 .text.spi_unlock
                0x1000d908        0xc CMakeFiles/sd_card_reader.dir/lib/no-OS-FatFS-SD-SPI-RPi-Pico/FatFs_SPI/sd_driver/spi.c.o
                0x1000d908                spi_unlock
 .text.my_spi_init
                0x1000d914      0x1b4 CMakeFiles/sd_card_reader.dir/lib/no-OS-FatFS-SD-SPI-RPi-Pico/FatFs_SPI/sd_driver/spi.c.o
                0x1000d914                my_spi_init
 .text.sd_test_com
                0x1000dac8      0x1b8 CMakeFiles/sd_card_reader.dir/lib/no-OS-FatFS-SD-SPI-RPi-Pico/FatFs_SPI/sd_driver/sd_card.c.o
 .text.sd_cmd   0x1000dc80      0x348 CMakeFiles/sd_card_reader.dir/lib/no-OS-FatFS-SD-SPI-RPi-Pico/FatFs_SPI/sd_driver/sd_card.c.o
 .text.sd_sectors_nolock
                0x1000dfc8      0x178 CMakeFiles/sd_card_reader.dir/lib/no-OS-FatFS-SD-SPI-RPi-Pico/FatFs_SPI/sd_driver/sd_card.c.o
 .text.sd_read_blocks
                0x1000e140      0x190 CMakeFiles/sd_card_reader.dir/lib/no-OS-FatFS-SD-SPI-RPi-Pico/FatFs_SPI/sd_driver/sd_card.c.o
                0x1000e140                sd_read_blocks
 .text.sd_write_blocks
                0x1000e2d0      0x1fc CMakeFiles/sd_card_reader.dir/lib/no-OS-FatFS-SD-SPI-RPi-Pico/FatFs_SPI/sd_driver/sd_card.c.o
                0x1000e2d0                sd_write_blocks
 .text.sd_init  0x1000e4cc      0x210 CMakeFiles/sd_card_reader.dir/lib/no-OS-FatFS-SD-SPI-RPi-Pico/FatFs_SPI/sd_driver/sd_card.c.o
 .text.sd_card_detect
                0x1000e6dc       0x44 CMakeFiles/sd_card_reader.dir/lib/no-OS-FatFS-SD-SPI-RPi-Pico/FatFs_SPI/sd_driver/sd_card.c.o
                0x1000e6dc                sd_card_detect
 .text.sd_sectors
                0x1000e720       0x30 CMakeFiles/sd_card_reader.dir/lib/no-OS-FatFS-SD-SPI-RPi-Pico/FatFs_SPI/sd_driver/sd_card.c.o
                0x1000e720                sd_sectors
 .text.sd_init_driver
                0x1000e750      0x110 CMakeFiles/sd_card_reader.dir/lib/no-OS-FatFS-SD-SPI-RPi-Pico/FatFs_SPI/sd_driver/sd_card.c.o
                0x1000e750                sd_init_driver
 .text.crc7     0x1000e860       0x28 CMakeFiles/sd_card_reader.dir/lib/no-OS-FatFS-SD-SPI-RPi-Pico/FatFs_SPI/sd_driver/crc.c.o
                0x1000e860                crc7
 .text.crc16    0x1000e888       0x30 CMakeFiles/sd_card_reader.dir/lib/no-OS-FatFS-SD-SPI-RPi-Pico/FatFs_SPI/sd_driver/crc.c.o
                0x1000e888                crc16
 .text.disk_status
                0x1000e8b8       0x18 CMakeFiles/sd_card_reader.dir/lib/no-OS-FatFS-SD-SPI-RPi-Pico/FatFs_SPI/src/glue.c.o
                0x1000e8b8                disk_status
 .text.disk_initialize
                0x1000e8d0       0x2c CMakeFiles/sd_card_reader.dir/lib/no-OS-FatFS-SD-SPI-RPi-Pico/FatFs_SPI/src/glue.c.o
                0x1000e8d0                disk_initialize
 .text.disk_read
                0x1000e8fc       0x74 CMakeFiles/sd_card_reader.dir/lib/no-OS-FatFS-SD-SPI-RPi-Pico/FatFs_SPI/src/glue.c.o
                0x1000e8fc                disk_read
 .text.disk_write
                0x1000e970       0x74 CMakeFiles/sd_card_reader.dir/lib/no-OS-FatFS-SD-SPI-RPi-Pico/FatFs_SPI/src/glue.c.o
                0x1000e970                disk_write
 .text.disk_ioctl
                0x1000e9e4       0x3c CMakeFiles/sd_card_reader.dir/lib/no-OS-FatFS-SD-SPI-RPi-Pico/FatFs_SPI/src/glue.c.o
                0x1000e9e4                disk_ioctl
 .text.get_fattime
                0x1000ea20       0x64 CMakeFiles/sd_card_reader.dir/lib/no-OS-FatFS-SD-SPI-RPi-Pico/FatFs_SPI/src/rtc.c.o
                0x1000ea20                get_fattime
 .text.spi_init
                0x1000ea84      0x13c CMakeFiles/sd_card_reader.dir/home/Sles/pr/pico/pico-sdk/src/rp2_common/hardware_spi/spi.c.o
                0x1000ea84                spi_init
 .text.spi_set_baudrate
                0x1000ebc0       0xb8 CMakeFiles/sd_card_reader.dir/home/Sles/pr/pico/pico-sdk/src/rp2_common/hardware_spi/spi.c.o
                0x1000ebc0                spi_set_baudrate
 .text.dma_claim_unused_channel
                0x1000ec78       0x24 CMakeFiles/sd_card_reader.dir/home/Sles/pr/pico/pico-sdk/src/rp2_common/hardware_dma/dma.c.o
                0x1000ec78                dma_claim_unused_channel
 .text.rtc_get_datetime
                0x1000ec9c       0x44 CMakeFiles/sd_card_reader.dir/home/Sles/pr/pico/pico-sdk/src/rp2_common/hardware_rtc/rtc.c.o
                0x1000ec9c                rtc_get_datetime
 .text.atexit   0x1000ece0       0x10 /usr/lib/gcc/arm-none-eabi/14.2.0/../../../../arm-none-eabi/lib/thumb/v6-m/nofp/libg.a(libc_a-atexit.o)
                0x1000ece0                atexit
 .text.malloc   0x1000ecf0       0x14 /usr/lib/gcc/arm-none-eabi/14.2.0/../../../../arm-none-eabi/lib/thumb/v6-m/nofp/libg.a(libc_a-malloc.o)
                0x1000ecf0                malloc
 .text.free     0x1000ed04       0x14 /usr/lib/gcc/arm-none-eabi/14.2.0/../../../../arm-none-eabi/lib/thumb/v6-m/nofp/libg.a(libc_a-malloc.o)
                0x1000ed04                free
 .text._malloc_r
                0x1000ed18      0x5cc /usr/lib/gcc/arm-none-eabi/14.2.0/../../../../arm-none-eabi/lib/thumb/v6-m/nofp/libg.a(libc_a-mallocr.o)
                0x1000ed18                _malloc_r
 .text.__malloc_lock
                0x1000f2e4       0x10 /usr/lib/gcc/arm-none-eabi/14.2.0/../../../../arm-none-eabi/lib/thumb/v6-m/nofp/libg.a(libc_a-mlock.o)
                0x1000f2e4                __malloc_lock
 .text.__malloc_unlock
                0x1000f2f4       0x10 /usr/lib/gcc/arm-none-eabi/14.2.0/../../../../arm-none-eabi/lib/thumb/v6-m/nofp/libg.a(libc_a-mlock.o)
                0x1000f2f4                __malloc_unlock
 .text.memcmp   0x1000f304       0x48 /usr/lib/gcc/arm-none-eabi/14.2.0/../../../../arm-none-eabi/lib/thumb/v6-m/nofp/libg.a(libc_a-memcmp.o)
                0x1000f304                memcmp
 .text.strchr   0x1000f34c       0xc4 /usr/lib/gcc/arm-none-eabi/14.2.0/../../../../arm-none-eabi/lib/thumb/v6-m/nofp/libg.a(libc_a-strchr.o)
                0x1000f34c                strchr
 .text._sbrk_r  0x1000f410       0x24 /usr/lib/gcc/arm-none-eabi/14.2.0/../../../../arm-none-eabi/lib/thumb/v6-m/nofp/libg.a(libc_a-sbrkr.o)
                0x1000f410                _sbrk_r
 .text.__errno  0x1000f434        0xc /usr/lib/gcc/arm-none-eabi/14.2.0/../../../../arm-none-eabi/lib/thumb/v6-m/nofp/libg.a(libc_a-errno.o)
                0x1000f434                __errno
 .text.__libc_fini_array
                0x1000f440       0x28 /usr/lib/gcc/arm-none-eabi/14.2.0/../../../../arm-none-eabi/lib/thumb/v6-m/nofp/libg.a(libc_a-fini.o)
                0x1000f440                __libc_fini_array
 .text.__retarget_lock_acquire_recursive
                0x1000f468        0x4 /usr/lib/gcc/arm-none-eabi/14.2.0/../../../../arm-none-eabi/lib/thumb/v6-m/nofp/libg.a(libc_a-lock.o)
                0x1000f468                __retarget_lock_acquire_recursive
 .text.__retarget_lock_release_recursive
                0x1000f46c        0x4 /usr/lib/gcc/arm-none-eabi/14.2.0/../../../../arm-none-eabi/lib/thumb/v6-m/nofp/libg.a(libc_a-lock.o)
                0x1000f46c                __retarget_lock_release_recursive
 .text.sysconf  0x1000f470       0x1c /usr/lib/gcc/arm-none-eabi/14.2.0/../../../../arm-none-eabi/lib/thumb/v6-m/nofp/libg.a(libc_a-sysconf.o)
                0x1000f470                sysconf
 .text.strlen   0x1000f48c       0x5c /usr/lib/gcc/arm-none-eabi/14.2.0/../../../../arm-none-eabi/lib/thumb/v6-m/nofp/libg.a(libc_a-strlen-stub.o)
                0x1000f48c                strlen
 .text.__register_exitproc
                0x1000f4e8       0xa8 /usr/lib/gcc/arm-none-eabi/14.2.0/../../../../arm-none-eabi/lib/thumb/v6-m/nofp/libg.a(libc_a-__atexit.o)
                0x1000f4e8                __register_exitproc
 .text.startup.register_fini
                0x1000f590       0x18 /usr/lib/gcc/arm-none-eabi/14.2.0/../../../../arm-none-eabi/lib/thumb/v6-m/nofp/libg.a(libc_a-__call_atexit.o)
 .text._malloc_trim_r
                0x1000f5a8       0xb4 /usr/lib/gcc/arm-none-eabi/14.2.0/../../../../arm-none-eabi/lib/thumb/v6-m/nofp/libg.a(libc_a-freer.o)
                0x1000f5a8                _malloc_trim_r
 .text._free_r  0x1000f65c      0x1f0 /usr/lib/gcc/arm-none-eabi/14.2.0/../../../../arm-none-eabi/lib/thumb/v6-m/nofp/libg.a(libc_a-freer.o)
                0x1000f65c                _free_r
 *(.fini)
 .fini          0x1000f84c        0x4 /usr/lib/gcc/arm-none-eabi/14.2.0/thumb/v6-m/nofp/crti.o
                0x1000f84c                _fini
 .fini.__stub   0x1000f850       0xf0 linker stubs
 *crtbegin.o(.ctors)
 *crtbegin?.o(.ctors)
 *(EXCLUDE_FILE(*crtend.o *crtend?.o) .ctors)
 *(SORT_BY_NAME(.ctors.*))
 *(.ctors)
 *crtbegin.o(.dtors)
 *crtbegin?.o(.dtors)
 *(EXCLUDE_FILE(*crtend.o *crtend?.o) .dtors)
 *(SORT_BY_NAME(.dtors.*))
 *(.dtors)
                0x1000f940                        . = ALIGN (0x4)
                0x1000f940                        PROVIDE (__preinit_array_start = .)
 *(SORT_BY_NAME(.preinit_array.*))
 .preinit_array.00100
                0x1000f940        0x4 CMakeFiles/sd_card_reader.dir/home/Sles/pr/pico/pico-sdk/src/rp2_common/pico_runtime_init/runtime_init.c.o
                0x1000f940                __pre_init_runtime_init_early_resets
 .preinit_array.00101
                0x1000f944        0x4 CMakeFiles/sd_card_reader.dir/home/Sles/pr/pico/pico-sdk/src/rp2_common/pico_runtime_init/runtime_init.c.o
                0x1000f944                __pre_init_runtime_init_usb_power_down
 .preinit_array.00275
                0x1000f948        0x4 CMakeFiles/sd_card_reader.dir/home/Sles/pr/pico/pico-sdk/src/rp2_common/pico_bit_ops/bit_ops_aeabi.S.o
 .preinit_array.00300
                0x1000f94c        0x4 CMakeFiles/sd_card_reader.dir/home/Sles/pr/pico/pico-sdk/src/rp2_common/pico_mem_ops/mem_ops_aeabi.S.o
 .preinit_array.00350
                0x1000f950        0x4 CMakeFiles/sd_card_reader.dir/home/Sles/pr/pico/pico-sdk/src/rp2_common/pico_double/double_aeabi_rp2040.S.o
 .preinit_array.00350
                0x1000f954        0x4 CMakeFiles/sd_card_reader.dir/home/Sles/pr/pico/pico-sdk/src/rp2_common/pico_float/float_aeabi_rp2040.S.o
 .preinit_array.00500
                0x1000f958        0x4 CMakeFiles/sd_card_reader.dir/home/Sles/pr/pico/pico-sdk/src/rp2_common/pico_runtime_init/runtime_init.c.o
                0x1000f958                __pre_init_runtime_init_clocks
 .preinit_array.00600
                0x1000f95c        0x4 CMakeFiles/sd_card_reader.dir/home/Sles/pr/pico/pico-sdk/src/rp2_common/pico_runtime_init/runtime_init.c.o
                0x1000f95c                __pre_init_runtime_init_post_clock_resets
 .preinit_array.00700
                0x1000f960        0x4 CMakeFiles/sd_card_reader.dir/home/Sles/pr/pico/pico-sdk/src/rp2_common/pico_runtime_init/runtime_init.c.o
                0x1000f960                __pre_init_runtime_init_rp2040_gpio_ie_disable
 .preinit_array.01000
                0x1000f964        0x4 CMakeFiles/sd_card_reader.dir/home/Sles/pr/pico/pico-sdk/src/rp2_common/pico_runtime_init/runtime_init.c.o
                0x1000f964                __pre_init_runtime_init_spin_locks_reset
 .preinit_array.01100
                0x1000f968        0x4 CMakeFiles/sd_card_reader.dir/home/Sles/pr/pico/pico-sdk/src/common/pico_sync/mutex.c.o
                0x1000f968                __pre_init_runtime_init_mutex
 .preinit_array.10080
                0x1000f96c        0x4 CMakeFiles/sd_card_reader.dir/home/Sles/pr/pico/pico-sdk/src/rp2_common/pico_runtime_init/runtime_init.c.o
                0x1000f96c                __pre_init_runtime_init_install_ram_vector_table
 .preinit_array.11000
                0x1000f970        0x4 CMakeFiles/sd_card_reader.dir/home/Sles/pr/pico/pico-sdk/src/common/pico_time/time.c.o
                0x1000f970                __pre_init_runtime_init_default_alarm_pool
 .preinit_array.YYYYY
                0x1000f974        0x4 CMakeFiles/sd_card_reader.dir/home/Sles/pr/pico/pico-sdk/src/rp2_common/pico_runtime/runtime.c.o
                0x1000f974                __pre_init_first_per_core_initializer
 .preinit_array.ZZZZZ.01200
                0x1000f978        0x4 CMakeFiles/sd_card_reader.dir/home/Sles/pr/pico/pico-sdk/src/rp2_common/hardware_irq/irq.c.o
                0x1000f978                __pre_init_runtime_init_per_core_irq_priorities
 *(.preinit_array)
                0x1000f97c                        PROVIDE (__preinit_array_end = .)
                0x1000f97c                        . = ALIGN (0x4)
                0x1000f97c                        PROVIDE (__init_array_start = .)
 *(SORT_BY_NAME(.init_array.*))
 .init_array.00000
                0x1000f97c        0x4 /usr/lib/gcc/arm-none-eabi/14.2.0/../../../../arm-none-eabi/lib/thumb/v6-m/nofp/libg.a(libc_a-__call_atexit.o)
 *(.init_array)
 .init_array    0x1000f980        0x4 /usr/lib/gcc/arm-none-eabi/14.2.0/thumb/v6-m/nofp/crtbegin.o
 .init_array    0x1000f984        0x4 CMakeFiles/sd_card_reader.dir/home/Sles/pr/pico/pico-sdk/src/rp2_common/pico_unique_id/unique_id.c.o
                0x1000f988                        PROVIDE (__init_array_end = .)
                0x1000f988                        . = ALIGN (0x4)
                0x1000f988                        PROVIDE (__fini_array_start = .)
 *(SORT_BY_NAME(.fini_array.*))
 *(.fini_array)
                0x1000f988                        PROVIDE (__fini_array_end = .)
 *(.eh_frame*)
 .eh_frame      0x1000f988        0x0 /usr/lib/gcc/arm-none-eabi/14.2.0/thumb/v6-m/nofp/crtbegin.o
                0x1000f988                        . = ALIGN (0x4)

.glue_7         0x1000f988        0x0
 .glue_7        0x1000f988        0x0 linker stubs

.glue_7t        0x1000f988        0x0
 .glue_7t       0x1000f988        0x0 linker stubs

.vfp11_veneer   0x1000f988        0x0
 .vfp11_veneer  0x1000f988        0x0 linker stubs

.v4_bx          0x1000f988        0x0
 .v4_bx         0x1000f988        0x0 linker stubs

.iplt           0x1000f988        0x0
 .iplt          0x1000f988        0x0 /usr/lib/gcc/arm-none-eabi/14.2.0/thumb/v6-m/nofp/crtbegin.o

.rodata         0x1000f988     0x1090
 *(EXCLUDE_FILE(*libm.a: *libc.a:*lib_a-mem*.o *libgcc.a:) .rodata*)
 .rodata.main.str1.4
                0x1000f988      0x36a CMakeFiles/sd_card_reader.dir/main.cpp.o
                                0x177 (size before relaxing)
 .rodata.str1.4
                0x1000fcf2        0x3 CMakeFiles/sd_card_reader.dir/hw_config.c.o
 .rodata.panic.str1.4
                0x1000fcf2       0x12 CMakeFiles/sd_card_reader.dir/home/Sles/pr/pico/pico-sdk/src/rp2_common/pico_platform_panic/panic.c.o
 .rodata.spin_lock_claim_unused.str1.4
                0x1000fcf2       0x1b CMakeFiles/sd_card_reader.dir/home/Sles/pr/pico/pico-sdk/src/rp2_common/hardware_sync/sync.c.o
 .rodata.user_irq_claim_unused.str1.4
                0x1000fcf2       0x1b CMakeFiles/sd_card_reader.dir/home/Sles/pr/pico/pico-sdk/src/rp2_common/hardware_irq/irq.c.o
 *fill*         0x1000fcf2        0x6 
 .rodata.at_the_end_of_time
                0x1000fcf8        0x8 CMakeFiles/sd_card_reader.dir/home/Sles/pr/pico/pico-sdk/src/common/pico_time/time.c.o
                0x1000fcf8                at_the_end_of_time
 .rodata.timer_hardware_alarm_claim.str1.4
                0x1000fd00       0x22 CMakeFiles/sd_card_reader.dir/home/Sles/pr/pico/pico-sdk/src/rp2_common/hardware_timer/timer.c.o
 .rodata.hard_assertion_failure.str1.4
                0x1000fd00        0xc CMakeFiles/sd_card_reader.dir/home/Sles/pr/pico/pico-sdk/src/rp2_common/pico_runtime/runtime.c.o
 .rodata.__wrap_malloc.str1.4
                0x1000fd00        0xe CMakeFiles/sd_card_reader.dir/home/Sles/pr/pico/pico-sdk/src/rp2_common/pico_malloc/malloc.c.o
 .rodata.str1.4
                0x1000fd00       0x44 CMakeFiles/sd_card_reader.dir/home/Sles/pr/pico/pico-sdk/src/rp2_common/pico_standard_binary_info/standard_binary_info.c.o
 .rodata.__bi_84
                0x1000fd00        0xc CMakeFiles/sd_card_reader.dir/home/Sles/pr/pico/pico-sdk/src/rp2_common/pico_standard_binary_info/standard_binary_info.c.o
 .rodata.__bi_78
                0x1000fd0c        0xc CMakeFiles/sd_card_reader.dir/home/Sles/pr/pico/pico-sdk/src/rp2_common/pico_standard_binary_info/standard_binary_info.c.o
 .rodata.__bi_54
                0x1000fd18        0xc CMakeFiles/sd_card_reader.dir/home/Sles/pr/pico/pico-sdk/src/rp2_common/pico_standard_binary_info/standard_binary_info.c.o
 .rodata.__bi_48
                0x1000fd24        0xc CMakeFiles/sd_card_reader.dir/home/Sles/pr/pico/pico-sdk/src/rp2_common/pico_standard_binary_info/standard_binary_info.c.o
 .rodata.__bi_42
                0x1000fd30        0xc CMakeFiles/sd_card_reader.dir/home/Sles/pr/pico/pico-sdk/src/rp2_common/pico_standard_binary_info/standard_binary_info.c.o
 .rodata.__bi_34
                0x1000fd3c        0xc CMakeFiles/sd_card_reader.dir/home/Sles/pr/pico/pico-sdk/src/rp2_common/pico_standard_binary_info/standard_binary_info.c.o
 .rodata.__bi_26
                0x1000fd48        0xc CMakeFiles/sd_card_reader.dir/home/Sles/pr/pico/pico-sdk/src/rp2_common/pico_standard_binary_info/standard_binary_info.c.o
 .rodata._ftoa.str1.4
                0x1000fd54       0x15 CMakeFiles/sd_card_reader.dir/home/Sles/pr/pico/pico-sdk/src/rp2_common/pico_printf/printf.c.o
 .rodata._vsnprintf
                0x1000fd54      0x19c CMakeFiles/sd_card_reader.dir/home/Sles/pr/pico/pico-sdk/src/rp2_common/pico_printf/printf.c.o
 .rodata.pow10.0
                0x1000fef0       0x50 CMakeFiles/sd_card_reader.dir/home/Sles/pr/pico/pico-sdk/src/rp2_common/pico_printf/printf.c.o
 .rodata.crlf_str.0
                0x1000ff40        0x2 CMakeFiles/sd_card_reader.dir/home/Sles/pr/pico/pico-sdk/src/rp2_common/pico_stdio/stdio.c.o
 *fill*         0x1000ff42        0x2 
 .rodata._resetd_driver
                0x1000ff44       0x20 CMakeFiles/sd_card_reader.dir/home/Sles/pr/pico/pico-sdk/src/rp2_common/pico_stdio_usb/reset_interface.c.o
 .rodata.desc_ms_os_20
                0x1000ff64       0xa6 CMakeFiles/sd_card_reader.dir/home/Sles/pr/pico/pico-sdk/src/rp2_common/pico_stdio_usb/reset_interface.c.o
 *fill*         0x1001000a        0x2 
 .rodata.desc_bos
                0x1001000c       0x21 CMakeFiles/sd_card_reader.dir/home/Sles/pr/pico/pico-sdk/src/rp2_common/pico_stdio_usb/reset_interface.c.o
                0x1001000c                desc_bos
 .rodata.str1.4
                0x1001002d       0x13 CMakeFiles/sd_card_reader.dir/home/Sles/pr/pico/pico-sdk/src/rp2_common/pico_stdio_usb/stdio_usb.c.o
 *fill*         0x1001002d        0x3 
 .rodata.__bi_197.0
                0x10010030        0xc CMakeFiles/sd_card_reader.dir/home/Sles/pr/pico/pico-sdk/src/rp2_common/pico_stdio_usb/stdio_usb.c.o
 .rodata.str1.4
                0x1001003c       0x2a CMakeFiles/sd_card_reader.dir/home/Sles/pr/pico/pico-sdk/src/rp2_common/pico_stdio_usb/stdio_usb_descriptors.c.o
 .rodata.usbd_desc_str
                0x1001003c       0x18 CMakeFiles/sd_card_reader.dir/home/Sles/pr/pico/pico-sdk/src/rp2_common/pico_stdio_usb/stdio_usb_descriptors.c.o
 .rodata.usbd_desc_cfg
                0x10010054       0x54 CMakeFiles/sd_card_reader.dir/home/Sles/pr/pico/pico-sdk/src/rp2_common/pico_stdio_usb/stdio_usb_descriptors.c.o
 .rodata.usbd_desc_device
                0x100100a8       0x12 CMakeFiles/sd_card_reader.dir/home/Sles/pr/pico/pico-sdk/src/rp2_common/pico_stdio_usb/stdio_usb_descriptors.c.o
 .rodata.str1.4
                0x100100ba       0x14 CMakeFiles/sd_card_reader.dir/home/Sles/pr/pico/pico-sdk/lib/tinyusb/src/portable/raspberrypi/rp2040/dcd_rp2040.c.o
 .rodata.str1.4
                0x100100ba       0x48 CMakeFiles/sd_card_reader.dir/home/Sles/pr/pico/pico-sdk/lib/tinyusb/src/portable/raspberrypi/rp2040/rp2040_usb.c.o
 *fill*         0x100100ba        0x2 
 .rodata.tud_task_ext
                0x100100bc       0x8c CMakeFiles/sd_card_reader.dir/home/Sles/pr/pico/pico-sdk/lib/tinyusb/src/device/usbd.c.o
 .rodata        0x10010148       0x1c CMakeFiles/sd_card_reader.dir/home/Sles/pr/pico/pico-sdk/lib/tinyusb/src/device/usbd.c.o
 .rodata._usbd_driver
                0x10010164       0x40 CMakeFiles/sd_card_reader.dir/home/Sles/pr/pico/pico-sdk/lib/tinyusb/src/device/usbd.c.o
 .rodata.ff_wtoupper
                0x100101a4       0x24 CMakeFiles/sd_card_reader.dir/lib/no-OS-FatFS-SD-SPI-RPi-Pico/FatFs_SPI/ff15/source/ffunicode.c.o
 .rodata.cvt2.0
                0x100101c8       0xbc CMakeFiles/sd_card_reader.dir/lib/no-OS-FatFS-SD-SPI-RPi-Pico/FatFs_SPI/ff15/source/ffunicode.c.o
 .rodata.cvt1.1
                0x10010284      0x1f2 CMakeFiles/sd_card_reader.dir/lib/no-OS-FatFS-SD-SPI-RPi-Pico/FatFs_SPI/ff15/source/ffunicode.c.o
 *fill*         0x10010476        0x2 
 .rodata.uc437  0x10010478      0x100 CMakeFiles/sd_card_reader.dir/lib/no-OS-FatFS-SD-SPI-RPi-Pico/FatFs_SPI/ff15/source/ffunicode.c.o
 .rodata.check_fs.str1.4
                0x10010578       0x15 CMakeFiles/sd_card_reader.dir/lib/no-OS-FatFS-SD-SPI-RPi-Pico/FatFs_SPI/ff15/source/ff.c.o
 .rodata.follow_path.str1.4
                0x10010578       0x13 CMakeFiles/sd_card_reader.dir/lib/no-OS-FatFS-SD-SPI-RPi-Pico/FatFs_SPI/ff15/source/ff.c.o
 .rodata.f_printf.str1.4
                0x10010578        0xc CMakeFiles/sd_card_reader.dir/lib/no-OS-FatFS-SD-SPI-RPi-Pico/FatFs_SPI/ff15/source/ff.c.o
 .rodata.f_printf
                0x10010578       0xd0 CMakeFiles/sd_card_reader.dir/lib/no-OS-FatFS-SD-SPI-RPi-Pico/FatFs_SPI/ff15/source/ff.c.o
 .rodata.ExCvt  0x10010648       0x80 CMakeFiles/sd_card_reader.dir/lib/no-OS-FatFS-SD-SPI-RPi-Pico/FatFs_SPI/ff15/source/ff.c.o
 .rodata.LfnOfs
                0x100106c8        0xd CMakeFiles/sd_card_reader.dir/lib/no-OS-FatFS-SD-SPI-RPi-Pico/FatFs_SPI/ff15/source/ff.c.o
 *fill*         0x100106d5        0x3 
 .rodata.GUID_MS_Basic
                0x100106d8       0x10 CMakeFiles/sd_card_reader.dir/lib/no-OS-FatFS-SD-SPI-RPi-Pico/FatFs_SPI/ff15/source/ff.c.o
 .rodata        0x100106e8       0x2c CMakeFiles/sd_card_reader.dir/lib/no-OS-FatFS-SD-SPI-RPi-Pico/FatFs_SPI/ff15/source/ff.c.o
 .rodata.dummy.2
                0x10010714        0x1 CMakeFiles/sd_card_reader.dir/lib/no-OS-FatFS-SD-SPI-RPi-Pico/FatFs_SPI/sd_driver/spi.c.o
 .rodata.sd_init.str1.4
                0x10010715       0x16 CMakeFiles/sd_card_reader.dir/lib/no-OS-FatFS-SD-SPI-RPi-Pico/FatFs_SPI/sd_driver/sd_card.c.o
 *fill*         0x10010715        0x3 
 .rodata.m_Crc16Table
                0x10010718      0x200 CMakeFiles/sd_card_reader.dir/lib/no-OS-FatFS-SD-SPI-RPi-Pico/FatFs_SPI/sd_driver/crc.c.o
 .rodata.m_Crc7Table
                0x10010918      0x100 CMakeFiles/sd_card_reader.dir/lib/no-OS-FatFS-SD-SPI-RPi-Pico/FatFs_SPI/sd_driver/crc.c.o
 .rodata.dma_claim_unused_channel.str1.4
                0x10010a18       0x1e CMakeFiles/sd_card_reader.dir/home/Sles/pr/pico/pico-sdk/src/rp2_common/hardware_dma/dma.c.o
                0x10010a38                        . = ALIGN (0x4)
 *(SORT_BY_ALIGNMENT(SORT_BY_NAME(.flashdata*)))
                0x10010a38                        . = ALIGN (0x4)

.ARM.extab
 *(.ARM.extab* .gnu.linkonce.armextab.*)
                0x10010a18                        __exidx_start = .

.ARM.exidx
 *(.ARM.exidx* .gnu.linkonce.armexidx.*)
                0x10010a18                        __exidx_end = .
                0x10010a38                        . = ALIGN (0x4)
                0x10010a18                        __binary_info_start = .

.binary_info    0x10010a18       0x20
 *(.binary_info.keep.*)
 .binary_info.keep.__bi_ptr84
                0x10010a18        0x4 CMakeFiles/sd_card_reader.dir/home/Sles/pr/pico/pico-sdk/src/rp2_common/pico_standard_binary_info/standard_binary_info.c.o
 .binary_info.keep.__bi_ptr78
                0x10010a1c        0x4 CMakeFiles/sd_card_reader.dir/home/Sles/pr/pico/pico-sdk/src/rp2_common/pico_standard_binary_info/standard_binary_info.c.o
 .binary_info.keep.__bi_ptr54
                0x10010a20        0x4 CMakeFiles/sd_card_reader.dir/home/Sles/pr/pico/pico-sdk/src/rp2_common/pico_standard_binary_info/standard_binary_info.c.o
 .binary_info.keep.__bi_ptr48
                0x10010a24        0x4 CMakeFiles/sd_card_reader.dir/home/Sles/pr/pico/pico-sdk/src/rp2_common/pico_standard_binary_info/standard_binary_info.c.o
 .binary_info.keep.__bi_ptr42
                0x10010a28        0x4 CMakeFiles/sd_card_reader.dir/home/Sles/pr/pico/pico-sdk/src/rp2_common/pico_standard_binary_info/standard_binary_info.c.o
 .binary_info.keep.__bi_ptr34
                0x10010a2c        0x4 CMakeFiles/sd_card_reader.dir/home/Sles/pr/pico/pico-sdk/src/rp2_common/pico_standard_binary_info/standard_binary_info.c.o
 .binary_info.keep.__bi_ptr26
                0x10010a30        0x4 CMakeFiles/sd_card_reader.dir/home/Sles/pr/pico/pico-sdk/src/rp2_common/pico_standard_binary_info/standard_binary_info.c.o
 *(.binary_info.*)
 .binary_info.__bi_ptr197
                0x10010a34        0x4 CMakeFiles/sd_card_reader.dir/home/Sles/pr/pico/pico-sdk/src/rp2_common/pico_stdio_usb/stdio_usb.c.o
                0x10010a38                        __binary_info_end = .

.rel.dyn        0x10010a38        0x0
 .rel.iplt      0x10010a38        0x0 /usr/lib/gcc/arm-none-eabi/14.2.0/thumb/v6-m/nofp/crtbegin.o
                0x10010a38                        . = ALIGN (0x4)

.ram_vector_table
                0x20000000       0xc0
 *(.ram_vector_table)
 .ram_vector_table
                0x20000000       0xc0 CMakeFiles/sd_card_reader.dir/home/Sles/pr/pico/pico-sdk/src/rp2_common/pico_runtime_init/runtime_init.c.o
                0x20000000                ram_vector_table

.uninitialized_data
                0x200000c0        0x0
                0x200000c0                        . = ALIGN (0x4)
 *(.uninitialized_data*)

.data           0x200000c0     0x1b0c load address 0x10010a38
                0x200000c0                        __data_start__ = .
 *(vtable)
 *(.time_critical*)
 .time_critical.sem_acquire_timeout_ms
                0x200000c0       0x7c CMakeFiles/sd_card_reader.dir/home/Sles/pr/pico/pico-sdk/src/common/pico_sync/sem.c.o
                0x200000c0                sem_acquire_timeout_ms
 .time_critical.sem_release
                0x2000013c       0x48 CMakeFiles/sd_card_reader.dir/home/Sles/pr/pico/pico-sdk/src/common/pico_sync/sem.c.o
                0x2000013c                sem_release
 .time_critical.sem_reset
                0x20000184       0x40 CMakeFiles/sd_card_reader.dir/home/Sles/pr/pico/pico-sdk/src/common/pico_sync/sem.c.o
                0x20000184                sem_reset
 .time_critical.mutex_enter_blocking
                0x200001c4       0x44 CMakeFiles/sd_card_reader.dir/home/Sles/pr/pico/pico-sdk/src/common/pico_sync/mutex.c.o
                0x200001c4                mutex_enter_blocking
 .time_critical.mutex_try_enter
                0x20000208       0x40 CMakeFiles/sd_card_reader.dir/home/Sles/pr/pico/pico-sdk/src/common/pico_sync/mutex.c.o
                0x20000208                mutex_try_enter
 .time_critical.mutex_try_enter_block_until
                0x20000248       0x98 CMakeFiles/sd_card_reader.dir/home/Sles/pr/pico/pico-sdk/src/common/pico_sync/mutex.c.o
                0x20000248                mutex_try_enter_block_until
 .time_critical.mutex_enter_timeout_ms
                0x200002e0       0x8c CMakeFiles/sd_card_reader.dir/home/Sles/pr/pico/pico-sdk/src/common/pico_sync/mutex.c.o
                0x200002e0                mutex_enter_timeout_ms
 .time_critical.mutex_exit
                0x2000036c       0x28 CMakeFiles/sd_card_reader.dir/home/Sles/pr/pico/pico-sdk/src/common/pico_sync/mutex.c.o
                0x2000036c                mutex_exit
 .time_critical.flash_init_boot2_copyout
                0x20000394       0x30 CMakeFiles/sd_card_reader.dir/home/Sles/pr/pico/pico-sdk/src/rp2_common/hardware_flash/flash.c.o
 .time_critical.flash_enable_xip_via_boot2
                0x200003c4        0xc CMakeFiles/sd_card_reader.dir/home/Sles/pr/pico/pico-sdk/src/rp2_common/hardware_flash/flash.c.o
 .time_critical.flash_cs_force
                0x200003d0       0x38 CMakeFiles/sd_card_reader.dir/home/Sles/pr/pico/pico-sdk/src/rp2_common/hardware_flash/flash.c.o
 .time_critical.flash_do_cmd
                0x20000408      0x130 CMakeFiles/sd_card_reader.dir/home/Sles/pr/pico/pico-sdk/src/rp2_common/hardware_flash/flash.c.o
                0x20000408                flash_do_cmd
 .time_critical.reset_non_control_endpoints
                0x20000538       0x68 CMakeFiles/sd_card_reader.dir/home/Sles/pr/pico/pico-sdk/lib/tinyusb/src/portable/raspberrypi/rp2040/dcd_rp2040.c.o
 .time_critical.hw_handle_buff_status
                0x200005a0       0xa0 CMakeFiles/sd_card_reader.dir/home/Sles/pr/pico/pico-sdk/lib/tinyusb/src/portable/raspberrypi/rp2040/dcd_rp2040.c.o
 .time_critical.dcd_rp2040_irq
                0x20000640      0x548 CMakeFiles/sd_card_reader.dir/home/Sles/pr/pico/pico-sdk/lib/tinyusb/src/portable/raspberrypi/rp2040/dcd_rp2040.c.o
 .time_critical.prepare_ep_buffer
                0x20000b88       0xc8 CMakeFiles/sd_card_reader.dir/home/Sles/pr/pico/pico-sdk/lib/tinyusb/src/portable/raspberrypi/rp2040/rp2040_usb.c.o
 .time_critical.sync_ep_buffer
                0x20000c50       0x9c CMakeFiles/sd_card_reader.dir/home/Sles/pr/pico/pico-sdk/lib/tinyusb/src/portable/raspberrypi/rp2040/rp2040_usb.c.o
 .time_critical._hw_endpoint_xfer_sync
                0x20000cec       0x28 CMakeFiles/sd_card_reader.dir/home/Sles/pr/pico/pico-sdk/lib/tinyusb/src/portable/raspberrypi/rp2040/rp2040_usb.c.o
 .time_critical.e15_is_bulkin_ep
                0x20000d14       0x28 CMakeFiles/sd_card_reader.dir/home/Sles/pr/pico/pico-sdk/lib/tinyusb/src/portable/raspberrypi/rp2040/rp2040_usb.c.o
 .time_critical.e15_is_critical_frame_period
                0x20000d3c       0x34 CMakeFiles/sd_card_reader.dir/home/Sles/pr/pico/pico-sdk/lib/tinyusb/src/portable/raspberrypi/rp2040/rp2040_usb.c.o
 .time_critical.hw_endpoint_reset_transfer
                0x20000d70        0xc CMakeFiles/sd_card_reader.dir/home/Sles/pr/pico/pico-sdk/lib/tinyusb/src/portable/raspberrypi/rp2040/rp2040_usb.c.o
                0x20000d70                hw_endpoint_reset_transfer
 .time_critical._hw_endpoint_buffer_control_update32
                0x20000d7c       0x50 CMakeFiles/sd_card_reader.dir/home/Sles/pr/pico/pico-sdk/lib/tinyusb/src/portable/raspberrypi/rp2040/rp2040_usb.c.o
                0x20000d7c                _hw_endpoint_buffer_control_update32
 .time_critical.hw_endpoint_start_next_buffer
                0x20000dcc       0x68 CMakeFiles/sd_card_reader.dir/home/Sles/pr/pico/pico-sdk/lib/tinyusb/src/portable/raspberrypi/rp2040/rp2040_usb.c.o
                0x20000dcc                hw_endpoint_start_next_buffer
 .time_critical.hw_endpoint_xfer_continue
                0x20000e34       0x40 CMakeFiles/sd_card_reader.dir/home/Sles/pr/pico/pico-sdk/lib/tinyusb/src/portable/raspberrypi/rp2040/rp2040_usb.c.o
                0x20000e34                hw_endpoint_xfer_continue
 .time_critical.tinyusb
                0x20000e74      0x1e4 CMakeFiles/sd_card_reader.dir/home/Sles/pr/pico/pico-sdk/lib/tinyusb/src/device/usbd.c.o
                0x20000e74                dcd_event_handler
 .time_critical.spi_irq_handler_0
                0x20001058       0x44 CMakeFiles/sd_card_reader.dir/lib/no-OS-FatFS-SD-SPI-RPi-Pico/FatFs_SPI/sd_driver/spi.c.o
 .time_critical.spi_irq_handler_1
                0x2000109c       0x44 CMakeFiles/sd_card_reader.dir/lib/no-OS-FatFS-SD-SPI-RPi-Pico/FatFs_SPI/sd_driver/spi.c.o
 .time_critical.spi_transfer
                0x200010e0       0xd0 CMakeFiles/sd_card_reader.dir/lib/no-OS-FatFS-SD-SPI-RPi-Pico/FatFs_SPI/sd_driver/spi.c.o
                0x200010e0                spi_transfer
 .time_critical.spi_write_blocking
                0x200011b0       0x4c CMakeFiles/sd_card_reader.dir/home/Sles/pr/pico/pico-sdk/src/rp2_common/hardware_spi/spi.c.o
                0x200011b0                spi_write_blocking
 *(.text*)
 .text          0x200011fc        0x4 /usr/lib/gcc/arm-none-eabi/14.2.0/thumb/v6-m/nofp/libgcc.a(_dvmd_tls.o)
                0x200011fc                __aeabi_ldiv0
                0x200011fc                __aeabi_idiv0
 .text.__stub   0x20001200       0xa0 linker stubs
                0x200012a0                        . = ALIGN (0x4)
 *(.rodata*)
                0x200012a0                        . = ALIGN (0x4)
 *(.data*)
 .data.sd_cards
                0x200012a0      0x2b8 CMakeFiles/sd_card_reader.dir/hw_config.c.o
 .data.spis     0x20001558       0x44 CMakeFiles/sd_card_reader.dir/hw_config.c.o
 .data.striped_spin_lock_num
                0x2000159c        0x1 CMakeFiles/sd_card_reader.dir/home/Sles/pr/pico/pico-sdk/src/rp2_common/hardware_sync/sync.c.o
 *fill*         0x2000159d        0x3 
 .data          0x200015a0       0x48 CMakeFiles/sd_card_reader.dir/home/Sles/pr/pico/pico-sdk/src/rp2_common/hardware_irq/irq_handler_chain.S.o
                0x200015a0                irq_handler_chain_slots
                0x200015d0                irq_handler_chain_first_slot